[35m[1mScanning dependencies of target ndt_omp[0m
[ 16%] [32mBuilding CXX object CMakeFiles/ndt_omp.dir/src/pclomp/ndt_omp.cpp.o[0m
[ 33%] [32mBuilding CXX object CMakeFiles/ndt_omp.dir/src/pclomp/gicp_omp.cpp.o[0m
[ 50%] [32mBuilding CXX object CMakeFiles/ndt_omp.dir/src/pclomp/voxel_grid_covariance_omp.cpp.o[0m
In file included from [01m[K/usr/include/boost/detail/endian.hpp:9[m[K,
                 from [01m[K/usr/local/include/pcl-1.9/pcl/PCLPointCloud2.h:11[m[K,
                 from [01m[K/usr/local/include/pcl-1.9/pcl/pcl_base.h:55[m[K,
                 from [01m[K/usr/local/include/pcl-1.9/pcl/registration/registration.h:45[m[K,
                 from [01m[K/home/sinloops/catkin_ws/src/ndt_omp/include/pclomp/ndt_omp.h:44[m[K,
                 from [01m[K/home/sinloops/catkin_ws/src/ndt_omp/src/pclomp/ndt_omp.cpp:1[m[K:
[01m[K/usr/include/boost/predef/detail/endian_compat.h:11:161:[m[K [01;36m[Knote: [m[K#pragma message: The use of BOOST_*_ENDIAN and BOOST_BYTE_ORDER is deprecated. Please include <boost/predef/other/endian.h> and use BOOST_ENDIAN_*_BYTE instead
   11 | #pragma message("The use of BOOST_*_ENDIAN and BOOST_BYTE_ORDER is deprecated. Please include <boost/predef/other/endian.h> and use BOOST_ENDIAN_*_BYTE instead"[01;36m[K)[m[K
      |                                                                                                                                                                 [01;36m[K^[m[K
In file included from [01m[K/usr/include/boost/detail/endian.hpp:9[m[K,
                 from [01m[K/usr/local/include/pcl-1.9/pcl/PCLPointCloud2.h:11[m[K,
                 from [01m[K/usr/local/include/pcl-1.9/pcl/conversions.h:48[m[K,
                 from [01m[K/usr/local/include/pcl-1.9/pcl/common/concatenate.h:41[m[K,
                 from [01m[K/usr/local/include/pcl-1.9/pcl/search/search.h:44[m[K,
                 from [01m[K/usr/local/include/pcl-1.9/pcl/sample_consensus/sac_model.h:54[m[K,
                 from [01m[K/usr/local/include/pcl-1.9/pcl/sample_consensus/sac.h:45[m[K,
                 from [01m[K/usr/local/include/pcl-1.9/pcl/sample_consensus/ransac.h:44[m[K,
                 from [01m[K/usr/local/include/pcl-1.9/pcl/registration/icp.h:45[m[K,
                 from [01m[K/home/sinloops/catkin_ws/src/ndt_omp/include/pclomp/gicp_omp.h:44[m[K,
                 from [01m[K/home/sinloops/catkin_ws/src/ndt_omp/src/pclomp/gicp_omp.cpp:1[m[K:
[01m[K/usr/include/boost/predef/detail/endian_compat.h:11:161:[m[K [01;36m[Knote: [m[K#pragma message: The use of BOOST_*_ENDIAN and BOOST_BYTE_ORDER is deprecated. Please include <boost/predef/other/endian.h> and use BOOST_ENDIAN_*_BYTE instead
   11 | #pragma message("The use of BOOST_*_ENDIAN and BOOST_BYTE_ORDER is deprecated. Please include <boost/predef/other/endian.h> and use BOOST_ENDIAN_*_BYTE instead"[01;36m[K)[m[K
      |                                                                                                                                                                 [01;36m[K^[m[K
In file included from [01m[K/usr/include/boost/detail/endian.hpp:9[m[K,
                 from [01m[K/usr/local/include/pcl-1.9/pcl/PCLPointCloud2.h:11[m[K,
                 from [01m[K/usr/local/include/pcl-1.9/pcl/pcl_base.h:55[m[K,
                 from [01m[K/usr/local/include/pcl-1.9/pcl/filters/filter.h:43[m[K,
                 from [01m[K/usr/local/include/pcl-1.9/pcl/filters/voxel_grid.h:44[m[K,
                 from [01m[K/home/sinloops/catkin_ws/src/ndt_omp/include/pclomp/voxel_grid_covariance_omp.h:43[m[K,
                 from [01m[K/home/sinloops/catkin_ws/src/ndt_omp/src/pclomp/voxel_grid_covariance_omp.cpp:1[m[K:
[01m[K/usr/include/boost/predef/detail/endian_compat.h:11:161:[m[K [01;36m[Knote: [m[K#pragma message: The use of BOOST_*_ENDIAN and BOOST_BYTE_ORDER is deprecated. Please include <boost/predef/other/endian.h> and use BOOST_ENDIAN_*_BYTE instead
   11 | #pragma message("The use of BOOST_*_ENDIAN and BOOST_BYTE_ORDER is deprecated. Please include <boost/predef/other/endian.h> and use BOOST_ENDIAN_*_BYTE instead"[01;36m[K)[m[K
      |                                                                                                                                                                 [01;36m[K^[m[K
[ 66%] [32m[1mLinking CXX shared library /home/sinloops/catkin_ws/devel/.private/ndt_omp/lib/libndt_omp.so[0m
[ 66%] Built target ndt_omp
[35m[1mScanning dependencies of target align[0m
[ 83%] [32mBuilding CXX object CMakeFiles/align.dir/apps/align.cpp.o[0m
[100%] [32m[1mLinking CXX executable /home/sinloops/catkin_ws/devel/.private/ndt_omp/lib/ndt_omp/align[0m
/usr/bin/ld: warning: libpcl_ml.so.1.10, needed by /usr/lib/x86_64-linux-gnu/libpcl_segmentation.so, may conflict with libpcl_ml.so.1.9
/usr/bin/ld: warning: libpcl_features.so.1.10, needed by /usr/lib/x86_64-linux-gnu/libpcl_segmentation.so, may conflict with libpcl_features.so.1.9
/usr/bin/ld: warning: libpcl_filters.so.1.9, needed by /usr/local/lib/libpcl_features.so, may conflict with libpcl_filters.so.1.10
/usr/bin/ld: warning: libpcl_search.so.1.9, needed by /usr/local/lib/libpcl_features.so, may conflict with libpcl_search.so.1.10
/usr/bin/ld: warning: libpcl_kdtree.so.1.9, needed by /usr/local/lib/libpcl_features.so, may conflict with libpcl_kdtree.so.1.10
/usr/bin/ld: warning: libpcl_common.so.1.9, needed by /usr/local/lib/libpcl_features.so, may conflict with libpcl_common.so.1.10
/usr/bin/ld: warning: libpcl_io.so.1.9, needed by /usr/local/lib/libpcl_visualization.so, may conflict with libpcl_io.so.1.10
[100%] Built target align
