Linked: (/home/sinloops/catkin_ws/devel/.private/realsense2_camera/lib/librealsense2_camera.so, /home/sinloops/catkin_ws/devel/lib/librealsense2_camera.so)
Linked: (/home/sinloops/catkin_ws/devel/.private/realsense2_camera/lib/pkgconfig/realsense2_camera.pc, /home/sinloops/catkin_ws/devel/lib/pkgconfig/realsense2_camera.pc)
Linked: (/home/sinloops/catkin_ws/devel/.private/realsense2_camera/lib/python3/dist-packages/realsense2_camera/__init__.py, /home/sinloops/catkin_ws/devel/lib/python3/dist-packages/realsense2_camera/__init__.py)
Linked: (/home/sinloops/catkin_ws/devel/.private/realsense2_camera/lib/python3/dist-packages/realsense2_camera/srv/_DeviceInfo.py, /home/sinloops/catkin_ws/devel/lib/python3/dist-packages/realsense2_camera/srv/_DeviceInfo.py)
Linked: (/home/sinloops/catkin_ws/devel/.private/realsense2_camera/lib/python3/dist-packages/realsense2_camera/srv/__init__.py, /home/sinloops/catkin_ws/devel/lib/python3/dist-packages/realsense2_camera/srv/__init__.py)
Linked: (/home/sinloops/catkin_ws/devel/.private/realsense2_camera/lib/python3/dist-packages/realsense2_camera/msg/_IMUInfo.py, /home/sinloops/catkin_ws/devel/lib/python3/dist-packages/realsense2_camera/msg/_IMUInfo.py)
Linked: (/home/sinloops/catkin_ws/devel/.private/realsense2_camera/lib/python3/dist-packages/realsense2_camera/msg/_Metadata.py, /home/sinloops/catkin_ws/devel/lib/python3/dist-packages/realsense2_camera/msg/_Metadata.py)
Linked: (/home/sinloops/catkin_ws/devel/.private/realsense2_camera/lib/python3/dist-packages/realsense2_camera/msg/_Extrinsics.py, /home/sinloops/catkin_ws/devel/lib/python3/dist-packages/realsense2_camera/msg/_Extrinsics.py)
Linked: (/home/sinloops/catkin_ws/devel/.private/realsense2_camera/lib/python3/dist-packages/realsense2_camera/msg/__init__.py, /home/sinloops/catkin_ws/devel/lib/python3/dist-packages/realsense2_camera/msg/__init__.py)
Linked: (/home/sinloops/catkin_ws/devel/.private/realsense2_camera/share/realsense2_camera/cmake/realsense2_cameraConfig-version.cmake, /home/sinloops/catkin_ws/devel/share/realsense2_camera/cmake/realsense2_cameraConfig-version.cmake)
Linked: (/home/sinloops/catkin_ws/devel/.private/realsense2_camera/share/realsense2_camera/cmake/realsense2_cameraConfig.cmake, /home/sinloops/catkin_ws/devel/share/realsense2_camera/cmake/realsense2_cameraConfig.cmake)
Linked: (/home/sinloops/catkin_ws/devel/.private/realsense2_camera/share/realsense2_camera/cmake/realsense2_camera-msg-extras.cmake, /home/sinloops/catkin_ws/devel/share/realsense2_camera/cmake/realsense2_camera-msg-extras.cmake)
Linked: (/home/sinloops/catkin_ws/devel/.private/realsense2_camera/share/realsense2_camera/cmake/realsense2_camera-msg-paths.cmake, /home/sinloops/catkin_ws/devel/share/realsense2_camera/cmake/realsense2_camera-msg-paths.cmake)
Linked: (/home/sinloops/catkin_ws/devel/.private/realsense2_camera/share/common-lisp/ros/realsense2_camera/srv/_package_DeviceInfo.lisp, /home/sinloops/catkin_ws/devel/share/common-lisp/ros/realsense2_camera/srv/_package_DeviceInfo.lisp)
Linked: (/home/sinloops/catkin_ws/devel/.private/realsense2_camera/share/common-lisp/ros/realsense2_camera/srv/_package.lisp, /home/sinloops/catkin_ws/devel/share/common-lisp/ros/realsense2_camera/srv/_package.lisp)
Linked: (/home/sinloops/catkin_ws/devel/.private/realsense2_camera/share/common-lisp/ros/realsense2_camera/srv/realsense2_camera-srv.asd, /home/sinloops/catkin_ws/devel/share/common-lisp/ros/realsense2_camera/srv/realsense2_camera-srv.asd)
Linked: (/home/sinloops/catkin_ws/devel/.private/realsense2_camera/share/common-lisp/ros/realsense2_camera/srv/DeviceInfo.lisp, /home/sinloops/catkin_ws/devel/share/common-lisp/ros/realsense2_camera/srv/DeviceInfo.lisp)
Linked: (/home/sinloops/catkin_ws/devel/.private/realsense2_camera/share/common-lisp/ros/realsense2_camera/msg/Metadata.lisp, /home/sinloops/catkin_ws/devel/share/common-lisp/ros/realsense2_camera/msg/Metadata.lisp)
Linked: (/home/sinloops/catkin_ws/devel/.private/realsense2_camera/share/common-lisp/ros/realsense2_camera/msg/_package_IMUInfo.lisp, /home/sinloops/catkin_ws/devel/share/common-lisp/ros/realsense2_camera/msg/_package_IMUInfo.lisp)
Linked: (/home/sinloops/catkin_ws/devel/.private/realsense2_camera/share/common-lisp/ros/realsense2_camera/msg/IMUInfo.lisp, /home/sinloops/catkin_ws/devel/share/common-lisp/ros/realsense2_camera/msg/IMUInfo.lisp)
Linked: (/home/sinloops/catkin_ws/devel/.private/realsense2_camera/share/common-lisp/ros/realsense2_camera/msg/_package_Metadata.lisp, /home/sinloops/catkin_ws/devel/share/common-lisp/ros/realsense2_camera/msg/_package_Metadata.lisp)
Linked: (/home/sinloops/catkin_ws/devel/.private/realsense2_camera/share/common-lisp/ros/realsense2_camera/msg/_package.lisp, /home/sinloops/catkin_ws/devel/share/common-lisp/ros/realsense2_camera/msg/_package.lisp)
Linked: (/home/sinloops/catkin_ws/devel/.private/realsense2_camera/share/common-lisp/ros/realsense2_camera/msg/realsense2_camera-msg.asd, /home/sinloops/catkin_ws/devel/share/common-lisp/ros/realsense2_camera/msg/realsense2_camera-msg.asd)
Linked: (/home/sinloops/catkin_ws/devel/.private/realsense2_camera/share/common-lisp/ros/realsense2_camera/msg/_package_Extrinsics.lisp, /home/sinloops/catkin_ws/devel/share/common-lisp/ros/realsense2_camera/msg/_package_Extrinsics.lisp)
Linked: (/home/sinloops/catkin_ws/devel/.private/realsense2_camera/share/common-lisp/ros/realsense2_camera/msg/Extrinsics.lisp, /home/sinloops/catkin_ws/devel/share/common-lisp/ros/realsense2_camera/msg/Extrinsics.lisp)
Linked: (/home/sinloops/catkin_ws/devel/.private/realsense2_camera/share/gennodejs/ros/realsense2_camera/_index.js, /home/sinloops/catkin_ws/devel/share/gennodejs/ros/realsense2_camera/_index.js)
Linked: (/home/sinloops/catkin_ws/devel/.private/realsense2_camera/share/gennodejs/ros/realsense2_camera/srv/_index.js, /home/sinloops/catkin_ws/devel/share/gennodejs/ros/realsense2_camera/srv/_index.js)
Linked: (/home/sinloops/catkin_ws/devel/.private/realsense2_camera/share/gennodejs/ros/realsense2_camera/srv/DeviceInfo.js, /home/sinloops/catkin_ws/devel/share/gennodejs/ros/realsense2_camera/srv/DeviceInfo.js)
Linked: (/home/sinloops/catkin_ws/devel/.private/realsense2_camera/share/gennodejs/ros/realsense2_camera/msg/Metadata.js, /home/sinloops/catkin_ws/devel/share/gennodejs/ros/realsense2_camera/msg/Metadata.js)
Linked: (/home/sinloops/catkin_ws/devel/.private/realsense2_camera/share/gennodejs/ros/realsense2_camera/msg/_index.js, /home/sinloops/catkin_ws/devel/share/gennodejs/ros/realsense2_camera/msg/_index.js)
Linked: (/home/sinloops/catkin_ws/devel/.private/realsense2_camera/share/gennodejs/ros/realsense2_camera/msg/IMUInfo.js, /home/sinloops/catkin_ws/devel/share/gennodejs/ros/realsense2_camera/msg/IMUInfo.js)
Linked: (/home/sinloops/catkin_ws/devel/.private/realsense2_camera/share/gennodejs/ros/realsense2_camera/msg/Extrinsics.js, /home/sinloops/catkin_ws/devel/share/gennodejs/ros/realsense2_camera/msg/Extrinsics.js)
Linked: (/home/sinloops/catkin_ws/devel/.private/realsense2_camera/share/roseus/ros/realsense2_camera/manifest.l, /home/sinloops/catkin_ws/devel/share/roseus/ros/realsense2_camera/manifest.l)
Linked: (/home/sinloops/catkin_ws/devel/.private/realsense2_camera/share/roseus/ros/realsense2_camera/srv/DeviceInfo.l, /home/sinloops/catkin_ws/devel/share/roseus/ros/realsense2_camera/srv/DeviceInfo.l)
Linked: (/home/sinloops/catkin_ws/devel/.private/realsense2_camera/share/roseus/ros/realsense2_camera/msg/Extrinsics.l, /home/sinloops/catkin_ws/devel/share/roseus/ros/realsense2_camera/msg/Extrinsics.l)
Linked: (/home/sinloops/catkin_ws/devel/.private/realsense2_camera/share/roseus/ros/realsense2_camera/msg/IMUInfo.l, /home/sinloops/catkin_ws/devel/share/roseus/ros/realsense2_camera/msg/IMUInfo.l)
Linked: (/home/sinloops/catkin_ws/devel/.private/realsense2_camera/share/roseus/ros/realsense2_camera/msg/Metadata.l, /home/sinloops/catkin_ws/devel/share/roseus/ros/realsense2_camera/msg/Metadata.l)
Linked: (/home/sinloops/catkin_ws/devel/.private/realsense2_camera/include/realsense2_camera/Metadata.h, /home/sinloops/catkin_ws/devel/include/realsense2_camera/Metadata.h)
Linked: (/home/sinloops/catkin_ws/devel/.private/realsense2_camera/include/realsense2_camera/DeviceInfoRequest.h, /home/sinloops/catkin_ws/devel/include/realsense2_camera/DeviceInfoRequest.h)
Linked: (/home/sinloops/catkin_ws/devel/.private/realsense2_camera/include/realsense2_camera/Extrinsics.h, /home/sinloops/catkin_ws/devel/include/realsense2_camera/Extrinsics.h)
Linked: (/home/sinloops/catkin_ws/devel/.private/realsense2_camera/include/realsense2_camera/IMUInfo.h, /home/sinloops/catkin_ws/devel/include/realsense2_camera/IMUInfo.h)
Linked: (/home/sinloops/catkin_ws/devel/.private/realsense2_camera/include/realsense2_camera/DeviceInfoResponse.h, /home/sinloops/catkin_ws/devel/include/realsense2_camera/DeviceInfoResponse.h)
Linked: (/home/sinloops/catkin_ws/devel/.private/realsense2_camera/include/realsense2_camera/DeviceInfo.h, /home/sinloops/catkin_ws/devel/include/realsense2_camera/DeviceInfo.h)
