Symlinking /home/sinloops/catkin_ws/devel/lib/pkgconfig/usv_msg.pc
Symlinking /home/sinloops/catkin_ws/devel/lib/python3/dist-packages/usv_msg/__init__.py
Symlinking /home/sinloops/catkin_ws/devel/lib/python3/dist-packages/usv_msg/srv/_ClassifyPlacard.py
Symlinking /home/sinloops/catkin_ws/devel/lib/python3/dist-packages/usv_msg/srv/_ClassifyBuoy.py
Symlinking /home/sinloops/catkin_ws/devel/lib/python3/dist-packages/usv_msg/srv/__init__.py
Symlinking /home/sinloops/catkin_ws/devel/lib/python3/dist-packages/usv_msg/msg/_DockFeedback.py
Symlinking /home/sinloops/catkin_ws/devel/lib/python3/dist-packages/usv_msg/msg/_VesselPath.py
Symlinking /home/sinloops/catkin_ws/devel/lib/python3/dist-packages/usv_msg/msg/_WaypointReached.py
Symlinking /home/sinloops/catkin_ws/devel/lib/python3/dist-packages/usv_msg/msg/_ObjectArray.py
Symlinking /home/sinloops/catkin_ws/devel/lib/python3/dist-packages/usv_msg/msg/_Task.py
Symlinking /home/sinloops/catkin_ws/devel/lib/python3/dist-packages/usv_msg/msg/_DockResult.py
Symlinking /home/sinloops/catkin_ws/devel/lib/python3/dist-packages/usv_msg/msg/_VesselWaypoint.py
Symlinking /home/sinloops/catkin_ws/devel/lib/python3/dist-packages/usv_msg/msg/_DockActionGoal.py
Symlinking /home/sinloops/catkin_ws/devel/lib/python3/dist-packages/usv_msg/msg/_DockActionResult.py
Symlinking /home/sinloops/catkin_ws/devel/lib/python3/dist-packages/usv_msg/msg/_DockGoal.py
Symlinking /home/sinloops/catkin_ws/devel/lib/python3/dist-packages/usv_msg/msg/_Course.py
Symlinking /home/sinloops/catkin_ws/devel/lib/python3/dist-packages/usv_msg/msg/_DockActionFeedback.py
Symlinking /home/sinloops/catkin_ws/devel/lib/python3/dist-packages/usv_msg/msg/_Waypoint.py
Symlinking /home/sinloops/catkin_ws/devel/lib/python3/dist-packages/usv_msg/msg/_WaypointRoute.py
Symlinking /home/sinloops/catkin_ws/devel/lib/python3/dist-packages/usv_msg/msg/_DockAction.py
Symlinking /home/sinloops/catkin_ws/devel/lib/python3/dist-packages/usv_msg/msg/_Object.py
Symlinking /home/sinloops/catkin_ws/devel/lib/python3/dist-packages/usv_msg/msg/__init__.py
Symlinking /home/sinloops/catkin_ws/devel/share/common-lisp/ros/usv_msg/srv/usv_msg-srv.asd
Symlinking /home/sinloops/catkin_ws/devel/share/common-lisp/ros/usv_msg/srv/ClassifyPlacard.lisp
Symlinking /home/sinloops/catkin_ws/devel/share/common-lisp/ros/usv_msg/srv/ClassifyBuoy.lisp
Symlinking /home/sinloops/catkin_ws/devel/share/common-lisp/ros/usv_msg/srv/_package_ClassifyBuoy.lisp
Symlinking /home/sinloops/catkin_ws/devel/share/common-lisp/ros/usv_msg/srv/_package.lisp
Symlinking /home/sinloops/catkin_ws/devel/share/common-lisp/ros/usv_msg/srv/_package_ClassifyPlacard.lisp
Symlinking /home/sinloops/catkin_ws/devel/share/common-lisp/ros/usv_msg/msg/Task.lisp
Symlinking /home/sinloops/catkin_ws/devel/share/common-lisp/ros/usv_msg/msg/_package_VesselWaypoint.lisp
Symlinking /home/sinloops/catkin_ws/devel/share/common-lisp/ros/usv_msg/msg/_package_VesselPath.lisp
Symlinking /home/sinloops/catkin_ws/devel/share/common-lisp/ros/usv_msg/msg/VesselWaypoint.lisp
Symlinking /home/sinloops/catkin_ws/devel/share/common-lisp/ros/usv_msg/msg/Object.lisp
Symlinking /home/sinloops/catkin_ws/devel/share/common-lisp/ros/usv_msg/msg/_package_DockFeedback.lisp
Symlinking /home/sinloops/catkin_ws/devel/share/common-lisp/ros/usv_msg/msg/DockResult.lisp
Symlinking /home/sinloops/catkin_ws/devel/share/common-lisp/ros/usv_msg/msg/DockActionResult.lisp
Symlinking /home/sinloops/catkin_ws/devel/share/common-lisp/ros/usv_msg/msg/_package_WaypointRoute.lisp
Symlinking /home/sinloops/catkin_ws/devel/share/common-lisp/ros/usv_msg/msg/_package_DockAction.lisp
Symlinking /home/sinloops/catkin_ws/devel/share/common-lisp/ros/usv_msg/msg/DockFeedback.lisp
Symlinking /home/sinloops/catkin_ws/devel/share/common-lisp/ros/usv_msg/msg/_package_Object.lisp
Symlinking /home/sinloops/catkin_ws/devel/share/common-lisp/ros/usv_msg/msg/ObjectArray.lisp
Symlinking /home/sinloops/catkin_ws/devel/share/common-lisp/ros/usv_msg/msg/DockAction.lisp
Symlinking /home/sinloops/catkin_ws/devel/share/common-lisp/ros/usv_msg/msg/_package_WaypointReached.lisp
Symlinking /home/sinloops/catkin_ws/devel/share/common-lisp/ros/usv_msg/msg/DockActionFeedback.lisp
Symlinking /home/sinloops/catkin_ws/devel/share/common-lisp/ros/usv_msg/msg/WaypointRoute.lisp
Symlinking /home/sinloops/catkin_ws/devel/share/common-lisp/ros/usv_msg/msg/_package_DockResult.lisp
Symlinking /home/sinloops/catkin_ws/devel/share/common-lisp/ros/usv_msg/msg/_package_DockActionGoal.lisp
Symlinking /home/sinloops/catkin_ws/devel/share/common-lisp/ros/usv_msg/msg/_package_DockGoal.lisp
Symlinking /home/sinloops/catkin_ws/devel/share/common-lisp/ros/usv_msg/msg/DockActionGoal.lisp
Symlinking /home/sinloops/catkin_ws/devel/share/common-lisp/ros/usv_msg/msg/WaypointReached.lisp
Symlinking /home/sinloops/catkin_ws/devel/share/common-lisp/ros/usv_msg/msg/_package_DockActionResult.lisp
Symlinking /home/sinloops/catkin_ws/devel/share/common-lisp/ros/usv_msg/msg/VesselPath.lisp
Symlinking /home/sinloops/catkin_ws/devel/share/common-lisp/ros/usv_msg/msg/_package_Course.lisp
Symlinking /home/sinloops/catkin_ws/devel/share/common-lisp/ros/usv_msg/msg/_package_Waypoint.lisp
Symlinking /home/sinloops/catkin_ws/devel/share/common-lisp/ros/usv_msg/msg/DockGoal.lisp
Symlinking /home/sinloops/catkin_ws/devel/share/common-lisp/ros/usv_msg/msg/_package.lisp
Symlinking /home/sinloops/catkin_ws/devel/share/common-lisp/ros/usv_msg/msg/_package_DockActionFeedback.lisp
Symlinking /home/sinloops/catkin_ws/devel/share/common-lisp/ros/usv_msg/msg/_package_Task.lisp
Symlinking /home/sinloops/catkin_ws/devel/share/common-lisp/ros/usv_msg/msg/_package_ObjectArray.lisp
Symlinking /home/sinloops/catkin_ws/devel/share/common-lisp/ros/usv_msg/msg/usv_msg-msg.asd
Symlinking /home/sinloops/catkin_ws/devel/share/common-lisp/ros/usv_msg/msg/Course.lisp
Symlinking /home/sinloops/catkin_ws/devel/share/common-lisp/ros/usv_msg/msg/Waypoint.lisp
Symlinking /home/sinloops/catkin_ws/devel/share/gennodejs/ros/usv_msg/_index.js
Symlinking /home/sinloops/catkin_ws/devel/share/gennodejs/ros/usv_msg/srv/_index.js
Symlinking /home/sinloops/catkin_ws/devel/share/gennodejs/ros/usv_msg/srv/ClassifyPlacard.js
Symlinking /home/sinloops/catkin_ws/devel/share/gennodejs/ros/usv_msg/srv/ClassifyBuoy.js
Symlinking /home/sinloops/catkin_ws/devel/share/gennodejs/ros/usv_msg/msg/WaypointRoute.js
Symlinking /home/sinloops/catkin_ws/devel/share/gennodejs/ros/usv_msg/msg/WaypointReached.js
Symlinking /home/sinloops/catkin_ws/devel/share/gennodejs/ros/usv_msg/msg/ObjectArray.js
Symlinking /home/sinloops/catkin_ws/devel/share/gennodejs/ros/usv_msg/msg/_index.js
Symlinking /home/sinloops/catkin_ws/devel/share/gennodejs/ros/usv_msg/msg/DockActionFeedback.js
Symlinking /home/sinloops/catkin_ws/devel/share/gennodejs/ros/usv_msg/msg/Waypoint.js
Symlinking /home/sinloops/catkin_ws/devel/share/gennodejs/ros/usv_msg/msg/VesselWaypoint.js
Symlinking /home/sinloops/catkin_ws/devel/share/gennodejs/ros/usv_msg/msg/Course.js
Symlinking /home/sinloops/catkin_ws/devel/share/gennodejs/ros/usv_msg/msg/Object.js
Symlinking /home/sinloops/catkin_ws/devel/share/gennodejs/ros/usv_msg/msg/VesselPath.js
Symlinking /home/sinloops/catkin_ws/devel/share/gennodejs/ros/usv_msg/msg/DockAction.js
Symlinking /home/sinloops/catkin_ws/devel/share/gennodejs/ros/usv_msg/msg/DockGoal.js
Symlinking /home/sinloops/catkin_ws/devel/share/gennodejs/ros/usv_msg/msg/DockResult.js
Symlinking /home/sinloops/catkin_ws/devel/share/gennodejs/ros/usv_msg/msg/DockFeedback.js
Symlinking /home/sinloops/catkin_ws/devel/share/gennodejs/ros/usv_msg/msg/DockActionGoal.js
Symlinking /home/sinloops/catkin_ws/devel/share/gennodejs/ros/usv_msg/msg/Task.js
Symlinking /home/sinloops/catkin_ws/devel/share/gennodejs/ros/usv_msg/msg/DockActionResult.js
Symlinking /home/sinloops/catkin_ws/devel/share/roseus/ros/usv_msg/manifest.l
Symlinking /home/sinloops/catkin_ws/devel/share/roseus/ros/usv_msg/srv/ClassifyBuoy.l
Symlinking /home/sinloops/catkin_ws/devel/share/roseus/ros/usv_msg/srv/ClassifyPlacard.l
Symlinking /home/sinloops/catkin_ws/devel/share/roseus/ros/usv_msg/msg/Object.l
Symlinking /home/sinloops/catkin_ws/devel/share/roseus/ros/usv_msg/msg/DockActionFeedback.l
Symlinking /home/sinloops/catkin_ws/devel/share/roseus/ros/usv_msg/msg/DockActionGoal.l
Symlinking /home/sinloops/catkin_ws/devel/share/roseus/ros/usv_msg/msg/Waypoint.l
Symlinking /home/sinloops/catkin_ws/devel/share/roseus/ros/usv_msg/msg/DockResult.l
Symlinking /home/sinloops/catkin_ws/devel/share/roseus/ros/usv_msg/msg/DockAction.l
Symlinking /home/sinloops/catkin_ws/devel/share/roseus/ros/usv_msg/msg/Course.l
Symlinking /home/sinloops/catkin_ws/devel/share/roseus/ros/usv_msg/msg/DockFeedback.l
Symlinking /home/sinloops/catkin_ws/devel/share/roseus/ros/usv_msg/msg/WaypointRoute.l
Symlinking /home/sinloops/catkin_ws/devel/share/roseus/ros/usv_msg/msg/WaypointReached.l
Symlinking /home/sinloops/catkin_ws/devel/share/roseus/ros/usv_msg/msg/VesselWaypoint.l
Symlinking /home/sinloops/catkin_ws/devel/share/roseus/ros/usv_msg/msg/DockActionResult.l
Symlinking /home/sinloops/catkin_ws/devel/share/roseus/ros/usv_msg/msg/Task.l
Symlinking /home/sinloops/catkin_ws/devel/share/roseus/ros/usv_msg/msg/VesselPath.l
Symlinking /home/sinloops/catkin_ws/devel/share/roseus/ros/usv_msg/msg/ObjectArray.l
Symlinking /home/sinloops/catkin_ws/devel/share/roseus/ros/usv_msg/msg/DockGoal.l
Symlinking /home/sinloops/catkin_ws/devel/share/usv_msg/msg/DockActionGoal.msg
Symlinking /home/sinloops/catkin_ws/devel/share/usv_msg/msg/DockGoal.msg
Symlinking /home/sinloops/catkin_ws/devel/share/usv_msg/msg/DockActionResult.msg
Symlinking /home/sinloops/catkin_ws/devel/share/usv_msg/msg/DockResult.msg
Symlinking /home/sinloops/catkin_ws/devel/share/usv_msg/msg/DockAction.msg
Symlinking /home/sinloops/catkin_ws/devel/share/usv_msg/msg/DockFeedback.msg
Symlinking /home/sinloops/catkin_ws/devel/share/usv_msg/msg/DockActionFeedback.msg
Symlinking /home/sinloops/catkin_ws/devel/share/usv_msg/cmake/usv_msg-msg-extras.cmake
Symlinking /home/sinloops/catkin_ws/devel/share/usv_msg/cmake/usv_msg-msg-paths.cmake
Symlinking /home/sinloops/catkin_ws/devel/share/usv_msg/cmake/usv_msgConfig.cmake
Symlinking /home/sinloops/catkin_ws/devel/share/usv_msg/cmake/usv_msgConfig-version.cmake
Symlinking /home/sinloops/catkin_ws/devel/include/usv_msg/Course.h
Symlinking /home/sinloops/catkin_ws/devel/include/usv_msg/WaypointRoute.h
Symlinking /home/sinloops/catkin_ws/devel/include/usv_msg/Object.h
Symlinking /home/sinloops/catkin_ws/devel/include/usv_msg/ClassifyPlacardResponse.h
Symlinking /home/sinloops/catkin_ws/devel/include/usv_msg/DockActionGoal.h
Symlinking /home/sinloops/catkin_ws/devel/include/usv_msg/Task.h
Symlinking /home/sinloops/catkin_ws/devel/include/usv_msg/ClassifyBuoyRequest.h
Symlinking /home/sinloops/catkin_ws/devel/include/usv_msg/VesselPath.h
Symlinking /home/sinloops/catkin_ws/devel/include/usv_msg/Waypoint.h
Symlinking /home/sinloops/catkin_ws/devel/include/usv_msg/ClassifyBuoyResponse.h
Symlinking /home/sinloops/catkin_ws/devel/include/usv_msg/ObjectArray.h
Symlinking /home/sinloops/catkin_ws/devel/include/usv_msg/ClassifyBuoy.h
Symlinking /home/sinloops/catkin_ws/devel/include/usv_msg/VesselWaypoint.h
Symlinking /home/sinloops/catkin_ws/devel/include/usv_msg/DockActionResult.h
Symlinking /home/sinloops/catkin_ws/devel/include/usv_msg/DockAction.h
Symlinking /home/sinloops/catkin_ws/devel/include/usv_msg/DockFeedback.h
Symlinking /home/sinloops/catkin_ws/devel/include/usv_msg/DockResult.h
Symlinking /home/sinloops/catkin_ws/devel/include/usv_msg/DockActionFeedback.h
Symlinking /home/sinloops/catkin_ws/devel/include/usv_msg/DockGoal.h
Symlinking /home/sinloops/catkin_ws/devel/include/usv_msg/ClassifyPlacardRequest.h
Symlinking /home/sinloops/catkin_ws/devel/include/usv_msg/ClassifyPlacard.h
Symlinking /home/sinloops/catkin_ws/devel/include/usv_msg/WaypointReached.h
