[  0%] Built target actionlib_msgs_generate_messages_lisp
[  0%] Built target sensor_msgs_generate_messages_lisp
[  0%] Built target geometry_msgs_generate_messages_lisp
[  0%] Built target std_msgs_generate_messages_lisp
[  0%] Built target std_msgs_generate_messages_eus
[  0%] Built target _usv_msg_generate_messages_check_deps_WaypointReached
[  0%] Built target geometry_msgs_generate_messages_eus
[  0%] Built target actionlib_msgs_generate_messages_eus
[  0%] Built target sensor_msgs_generate_messages_eus
[  0%] Built target _usv_msg_generate_messages_check_deps_ClassifyBuoy
[  0%] Built target _usv_msg_generate_messages_check_deps_Task
[  0%] Built target _usv_msg_generate_messages_check_deps_Course
[  0%] Built target _usv_msg_generate_messages_check_deps_VesselWaypoint
[  0%] Built target _usv_msg_generate_messages_check_deps_DockAction
[  0%] Built target _usv_msg_generate_messages_check_deps_DockActionGoal
[  0%] Built target _usv_msg_generate_messages_check_deps_DockActionResult
[  0%] Built target _usv_msg_generate_messages_check_deps_WaypointRoute
[  0%] Built target _usv_msg_generate_messages_check_deps_ClassifyPlacard
[  0%] Built target _usv_msg_generate_messages_check_deps_DockGoal
[  0%] Built target _usv_msg_generate_messages_check_deps_VesselPath
[  0%] Built target _usv_msg_generate_messages_check_deps_Object
[  0%] Built target _usv_msg_generate_messages_check_deps_DockActionFeedback
[  0%] Built target _usv_msg_generate_messages_check_deps_ObjectArray
[  0%] Built target _usv_msg_generate_messages_check_deps_DockResult
[  0%] Built target _usv_msg_generate_messages_check_deps_Waypoint
[  0%] Built target _usv_msg_generate_messages_check_deps_DockFeedback
[  0%] Built target sensor_msgs_generate_messages_cpp
[  0%] Built target geometry_msgs_generate_messages_cpp
[  0%] Built target actionlib_msgs_generate_messages_py
[  0%] Built target actionlib_msgs_generate_messages_cpp
[  0%] Built target std_msgs_generate_messages_cpp
[  0%] Built target std_msgs_generate_messages_nodejs
[  0%] Built target std_msgs_generate_messages_py
[  0%] Built target sensor_msgs_generate_messages_py
[  0%] Built target geometry_msgs_generate_messages_py
[  0%] Built target geometry_msgs_generate_messages_nodejs
[  0%] Built target sensor_msgs_generate_messages_nodejs
[  0%] Built target actionlib_msgs_generate_messages_nodejs
[ 19%] Built target usv_msg_generate_messages_lisp
[ 39%] Built target usv_msg_generate_messages_eus
[ 59%] Built target usv_msg_generate_messages_cpp
[ 80%] Built target usv_msg_generate_messages_py
[100%] Built target usv_msg_generate_messages_nodejs
[100%] Built target usv_msg_generate_messages
