Linked: (/home/sinloops/catkin_ws/devel/.private/usv_msg/lib/pkgconfig/usv_msg.pc, /home/sinloops/catkin_ws/devel/lib/pkgconfig/usv_msg.pc)
Linked: (/home/sinloops/catkin_ws/devel/.private/usv_msg/lib/python3/dist-packages/usv_msg/__init__.py, /home/sinloops/catkin_ws/devel/lib/python3/dist-packages/usv_msg/__init__.py)
Linked: (/home/sinloops/catkin_ws/devel/.private/usv_msg/lib/python3/dist-packages/usv_msg/srv/_ClassifyPlacard.py, /home/sinloops/catkin_ws/devel/lib/python3/dist-packages/usv_msg/srv/_ClassifyPlacard.py)
Linked: (/home/sinloops/catkin_ws/devel/.private/usv_msg/lib/python3/dist-packages/usv_msg/srv/_ClassifyBuoy.py, /home/sinloops/catkin_ws/devel/lib/python3/dist-packages/usv_msg/srv/_ClassifyBuoy.py)
Linked: (/home/sinloops/catkin_ws/devel/.private/usv_msg/lib/python3/dist-packages/usv_msg/srv/__init__.py, /home/sinloops/catkin_ws/devel/lib/python3/dist-packages/usv_msg/srv/__init__.py)
Linked: (/home/sinloops/catkin_ws/devel/.private/usv_msg/lib/python3/dist-packages/usv_msg/msg/_DockFeedback.py, /home/sinloops/catkin_ws/devel/lib/python3/dist-packages/usv_msg/msg/_DockFeedback.py)
Linked: (/home/sinloops/catkin_ws/devel/.private/usv_msg/lib/python3/dist-packages/usv_msg/msg/_VesselPath.py, /home/sinloops/catkin_ws/devel/lib/python3/dist-packages/usv_msg/msg/_VesselPath.py)
Linked: (/home/sinloops/catkin_ws/devel/.private/usv_msg/lib/python3/dist-packages/usv_msg/msg/_WaypointReached.py, /home/sinloops/catkin_ws/devel/lib/python3/dist-packages/usv_msg/msg/_WaypointReached.py)
Linked: (/home/sinloops/catkin_ws/devel/.private/usv_msg/lib/python3/dist-packages/usv_msg/msg/_ObjectArray.py, /home/sinloops/catkin_ws/devel/lib/python3/dist-packages/usv_msg/msg/_ObjectArray.py)
Linked: (/home/sinloops/catkin_ws/devel/.private/usv_msg/lib/python3/dist-packages/usv_msg/msg/_Task.py, /home/sinloops/catkin_ws/devel/lib/python3/dist-packages/usv_msg/msg/_Task.py)
Linked: (/home/sinloops/catkin_ws/devel/.private/usv_msg/lib/python3/dist-packages/usv_msg/msg/_DockResult.py, /home/sinloops/catkin_ws/devel/lib/python3/dist-packages/usv_msg/msg/_DockResult.py)
Linked: (/home/sinloops/catkin_ws/devel/.private/usv_msg/lib/python3/dist-packages/usv_msg/msg/_VesselWaypoint.py, /home/sinloops/catkin_ws/devel/lib/python3/dist-packages/usv_msg/msg/_VesselWaypoint.py)
Linked: (/home/sinloops/catkin_ws/devel/.private/usv_msg/lib/python3/dist-packages/usv_msg/msg/_DockActionGoal.py, /home/sinloops/catkin_ws/devel/lib/python3/dist-packages/usv_msg/msg/_DockActionGoal.py)
Linked: (/home/sinloops/catkin_ws/devel/.private/usv_msg/lib/python3/dist-packages/usv_msg/msg/_DockActionResult.py, /home/sinloops/catkin_ws/devel/lib/python3/dist-packages/usv_msg/msg/_DockActionResult.py)
Linked: (/home/sinloops/catkin_ws/devel/.private/usv_msg/lib/python3/dist-packages/usv_msg/msg/_DockGoal.py, /home/sinloops/catkin_ws/devel/lib/python3/dist-packages/usv_msg/msg/_DockGoal.py)
Linked: (/home/sinloops/catkin_ws/devel/.private/usv_msg/lib/python3/dist-packages/usv_msg/msg/_Course.py, /home/sinloops/catkin_ws/devel/lib/python3/dist-packages/usv_msg/msg/_Course.py)
Linked: (/home/sinloops/catkin_ws/devel/.private/usv_msg/lib/python3/dist-packages/usv_msg/msg/_DockActionFeedback.py, /home/sinloops/catkin_ws/devel/lib/python3/dist-packages/usv_msg/msg/_DockActionFeedback.py)
Linked: (/home/sinloops/catkin_ws/devel/.private/usv_msg/lib/python3/dist-packages/usv_msg/msg/_Waypoint.py, /home/sinloops/catkin_ws/devel/lib/python3/dist-packages/usv_msg/msg/_Waypoint.py)
Linked: (/home/sinloops/catkin_ws/devel/.private/usv_msg/lib/python3/dist-packages/usv_msg/msg/_WaypointRoute.py, /home/sinloops/catkin_ws/devel/lib/python3/dist-packages/usv_msg/msg/_WaypointRoute.py)
Linked: (/home/sinloops/catkin_ws/devel/.private/usv_msg/lib/python3/dist-packages/usv_msg/msg/_DockAction.py, /home/sinloops/catkin_ws/devel/lib/python3/dist-packages/usv_msg/msg/_DockAction.py)
Linked: (/home/sinloops/catkin_ws/devel/.private/usv_msg/lib/python3/dist-packages/usv_msg/msg/_Object.py, /home/sinloops/catkin_ws/devel/lib/python3/dist-packages/usv_msg/msg/_Object.py)
Linked: (/home/sinloops/catkin_ws/devel/.private/usv_msg/lib/python3/dist-packages/usv_msg/msg/__init__.py, /home/sinloops/catkin_ws/devel/lib/python3/dist-packages/usv_msg/msg/__init__.py)
Linked: (/home/sinloops/catkin_ws/devel/.private/usv_msg/share/common-lisp/ros/usv_msg/srv/usv_msg-srv.asd, /home/sinloops/catkin_ws/devel/share/common-lisp/ros/usv_msg/srv/usv_msg-srv.asd)
Linked: (/home/sinloops/catkin_ws/devel/.private/usv_msg/share/common-lisp/ros/usv_msg/srv/ClassifyPlacard.lisp, /home/sinloops/catkin_ws/devel/share/common-lisp/ros/usv_msg/srv/ClassifyPlacard.lisp)
Linked: (/home/sinloops/catkin_ws/devel/.private/usv_msg/share/common-lisp/ros/usv_msg/srv/ClassifyBuoy.lisp, /home/sinloops/catkin_ws/devel/share/common-lisp/ros/usv_msg/srv/ClassifyBuoy.lisp)
Linked: (/home/sinloops/catkin_ws/devel/.private/usv_msg/share/common-lisp/ros/usv_msg/srv/_package_ClassifyBuoy.lisp, /home/sinloops/catkin_ws/devel/share/common-lisp/ros/usv_msg/srv/_package_ClassifyBuoy.lisp)
Linked: (/home/sinloops/catkin_ws/devel/.private/usv_msg/share/common-lisp/ros/usv_msg/srv/_package.lisp, /home/sinloops/catkin_ws/devel/share/common-lisp/ros/usv_msg/srv/_package.lisp)
Linked: (/home/sinloops/catkin_ws/devel/.private/usv_msg/share/common-lisp/ros/usv_msg/srv/_package_ClassifyPlacard.lisp, /home/sinloops/catkin_ws/devel/share/common-lisp/ros/usv_msg/srv/_package_ClassifyPlacard.lisp)
Linked: (/home/sinloops/catkin_ws/devel/.private/usv_msg/share/common-lisp/ros/usv_msg/msg/Task.lisp, /home/sinloops/catkin_ws/devel/share/common-lisp/ros/usv_msg/msg/Task.lisp)
Linked: (/home/sinloops/catkin_ws/devel/.private/usv_msg/share/common-lisp/ros/usv_msg/msg/_package_VesselWaypoint.lisp, /home/sinloops/catkin_ws/devel/share/common-lisp/ros/usv_msg/msg/_package_VesselWaypoint.lisp)
Linked: (/home/sinloops/catkin_ws/devel/.private/usv_msg/share/common-lisp/ros/usv_msg/msg/_package_VesselPath.lisp, /home/sinloops/catkin_ws/devel/share/common-lisp/ros/usv_msg/msg/_package_VesselPath.lisp)
Linked: (/home/sinloops/catkin_ws/devel/.private/usv_msg/share/common-lisp/ros/usv_msg/msg/VesselWaypoint.lisp, /home/sinloops/catkin_ws/devel/share/common-lisp/ros/usv_msg/msg/VesselWaypoint.lisp)
Linked: (/home/sinloops/catkin_ws/devel/.private/usv_msg/share/common-lisp/ros/usv_msg/msg/Object.lisp, /home/sinloops/catkin_ws/devel/share/common-lisp/ros/usv_msg/msg/Object.lisp)
Linked: (/home/sinloops/catkin_ws/devel/.private/usv_msg/share/common-lisp/ros/usv_msg/msg/_package_DockFeedback.lisp, /home/sinloops/catkin_ws/devel/share/common-lisp/ros/usv_msg/msg/_package_DockFeedback.lisp)
Linked: (/home/sinloops/catkin_ws/devel/.private/usv_msg/share/common-lisp/ros/usv_msg/msg/DockResult.lisp, /home/sinloops/catkin_ws/devel/share/common-lisp/ros/usv_msg/msg/DockResult.lisp)
Linked: (/home/sinloops/catkin_ws/devel/.private/usv_msg/share/common-lisp/ros/usv_msg/msg/DockActionResult.lisp, /home/sinloops/catkin_ws/devel/share/common-lisp/ros/usv_msg/msg/DockActionResult.lisp)
Linked: (/home/sinloops/catkin_ws/devel/.private/usv_msg/share/common-lisp/ros/usv_msg/msg/_package_WaypointRoute.lisp, /home/sinloops/catkin_ws/devel/share/common-lisp/ros/usv_msg/msg/_package_WaypointRoute.lisp)
Linked: (/home/sinloops/catkin_ws/devel/.private/usv_msg/share/common-lisp/ros/usv_msg/msg/_package_DockAction.lisp, /home/sinloops/catkin_ws/devel/share/common-lisp/ros/usv_msg/msg/_package_DockAction.lisp)
Linked: (/home/sinloops/catkin_ws/devel/.private/usv_msg/share/common-lisp/ros/usv_msg/msg/DockFeedback.lisp, /home/sinloops/catkin_ws/devel/share/common-lisp/ros/usv_msg/msg/DockFeedback.lisp)
Linked: (/home/sinloops/catkin_ws/devel/.private/usv_msg/share/common-lisp/ros/usv_msg/msg/_package_Object.lisp, /home/sinloops/catkin_ws/devel/share/common-lisp/ros/usv_msg/msg/_package_Object.lisp)
Linked: (/home/sinloops/catkin_ws/devel/.private/usv_msg/share/common-lisp/ros/usv_msg/msg/ObjectArray.lisp, /home/sinloops/catkin_ws/devel/share/common-lisp/ros/usv_msg/msg/ObjectArray.lisp)
Linked: (/home/sinloops/catkin_ws/devel/.private/usv_msg/share/common-lisp/ros/usv_msg/msg/DockAction.lisp, /home/sinloops/catkin_ws/devel/share/common-lisp/ros/usv_msg/msg/DockAction.lisp)
Linked: (/home/sinloops/catkin_ws/devel/.private/usv_msg/share/common-lisp/ros/usv_msg/msg/_package_WaypointReached.lisp, /home/sinloops/catkin_ws/devel/share/common-lisp/ros/usv_msg/msg/_package_WaypointReached.lisp)
Linked: (/home/sinloops/catkin_ws/devel/.private/usv_msg/share/common-lisp/ros/usv_msg/msg/DockActionFeedback.lisp, /home/sinloops/catkin_ws/devel/share/common-lisp/ros/usv_msg/msg/DockActionFeedback.lisp)
Linked: (/home/sinloops/catkin_ws/devel/.private/usv_msg/share/common-lisp/ros/usv_msg/msg/WaypointRoute.lisp, /home/sinloops/catkin_ws/devel/share/common-lisp/ros/usv_msg/msg/WaypointRoute.lisp)
Linked: (/home/sinloops/catkin_ws/devel/.private/usv_msg/share/common-lisp/ros/usv_msg/msg/_package_DockResult.lisp, /home/sinloops/catkin_ws/devel/share/common-lisp/ros/usv_msg/msg/_package_DockResult.lisp)
Linked: (/home/sinloops/catkin_ws/devel/.private/usv_msg/share/common-lisp/ros/usv_msg/msg/_package_DockActionGoal.lisp, /home/sinloops/catkin_ws/devel/share/common-lisp/ros/usv_msg/msg/_package_DockActionGoal.lisp)
Linked: (/home/sinloops/catkin_ws/devel/.private/usv_msg/share/common-lisp/ros/usv_msg/msg/_package_DockGoal.lisp, /home/sinloops/catkin_ws/devel/share/common-lisp/ros/usv_msg/msg/_package_DockGoal.lisp)
Linked: (/home/sinloops/catkin_ws/devel/.private/usv_msg/share/common-lisp/ros/usv_msg/msg/DockActionGoal.lisp, /home/sinloops/catkin_ws/devel/share/common-lisp/ros/usv_msg/msg/DockActionGoal.lisp)
Linked: (/home/sinloops/catkin_ws/devel/.private/usv_msg/share/common-lisp/ros/usv_msg/msg/WaypointReached.lisp, /home/sinloops/catkin_ws/devel/share/common-lisp/ros/usv_msg/msg/WaypointReached.lisp)
Linked: (/home/sinloops/catkin_ws/devel/.private/usv_msg/share/common-lisp/ros/usv_msg/msg/_package_DockActionResult.lisp, /home/sinloops/catkin_ws/devel/share/common-lisp/ros/usv_msg/msg/_package_DockActionResult.lisp)
Linked: (/home/sinloops/catkin_ws/devel/.private/usv_msg/share/common-lisp/ros/usv_msg/msg/VesselPath.lisp, /home/sinloops/catkin_ws/devel/share/common-lisp/ros/usv_msg/msg/VesselPath.lisp)
Linked: (/home/sinloops/catkin_ws/devel/.private/usv_msg/share/common-lisp/ros/usv_msg/msg/_package_Course.lisp, /home/sinloops/catkin_ws/devel/share/common-lisp/ros/usv_msg/msg/_package_Course.lisp)
Linked: (/home/sinloops/catkin_ws/devel/.private/usv_msg/share/common-lisp/ros/usv_msg/msg/_package_Waypoint.lisp, /home/sinloops/catkin_ws/devel/share/common-lisp/ros/usv_msg/msg/_package_Waypoint.lisp)
Linked: (/home/sinloops/catkin_ws/devel/.private/usv_msg/share/common-lisp/ros/usv_msg/msg/DockGoal.lisp, /home/sinloops/catkin_ws/devel/share/common-lisp/ros/usv_msg/msg/DockGoal.lisp)
Linked: (/home/sinloops/catkin_ws/devel/.private/usv_msg/share/common-lisp/ros/usv_msg/msg/_package.lisp, /home/sinloops/catkin_ws/devel/share/common-lisp/ros/usv_msg/msg/_package.lisp)
Linked: (/home/sinloops/catkin_ws/devel/.private/usv_msg/share/common-lisp/ros/usv_msg/msg/_package_DockActionFeedback.lisp, /home/sinloops/catkin_ws/devel/share/common-lisp/ros/usv_msg/msg/_package_DockActionFeedback.lisp)
Linked: (/home/sinloops/catkin_ws/devel/.private/usv_msg/share/common-lisp/ros/usv_msg/msg/_package_Task.lisp, /home/sinloops/catkin_ws/devel/share/common-lisp/ros/usv_msg/msg/_package_Task.lisp)
Linked: (/home/sinloops/catkin_ws/devel/.private/usv_msg/share/common-lisp/ros/usv_msg/msg/_package_ObjectArray.lisp, /home/sinloops/catkin_ws/devel/share/common-lisp/ros/usv_msg/msg/_package_ObjectArray.lisp)
Linked: (/home/sinloops/catkin_ws/devel/.private/usv_msg/share/common-lisp/ros/usv_msg/msg/usv_msg-msg.asd, /home/sinloops/catkin_ws/devel/share/common-lisp/ros/usv_msg/msg/usv_msg-msg.asd)
Linked: (/home/sinloops/catkin_ws/devel/.private/usv_msg/share/common-lisp/ros/usv_msg/msg/Course.lisp, /home/sinloops/catkin_ws/devel/share/common-lisp/ros/usv_msg/msg/Course.lisp)
Linked: (/home/sinloops/catkin_ws/devel/.private/usv_msg/share/common-lisp/ros/usv_msg/msg/Waypoint.lisp, /home/sinloops/catkin_ws/devel/share/common-lisp/ros/usv_msg/msg/Waypoint.lisp)
Linked: (/home/sinloops/catkin_ws/devel/.private/usv_msg/share/gennodejs/ros/usv_msg/_index.js, /home/sinloops/catkin_ws/devel/share/gennodejs/ros/usv_msg/_index.js)
Linked: (/home/sinloops/catkin_ws/devel/.private/usv_msg/share/gennodejs/ros/usv_msg/srv/_index.js, /home/sinloops/catkin_ws/devel/share/gennodejs/ros/usv_msg/srv/_index.js)
Linked: (/home/sinloops/catkin_ws/devel/.private/usv_msg/share/gennodejs/ros/usv_msg/srv/ClassifyPlacard.js, /home/sinloops/catkin_ws/devel/share/gennodejs/ros/usv_msg/srv/ClassifyPlacard.js)
Linked: (/home/sinloops/catkin_ws/devel/.private/usv_msg/share/gennodejs/ros/usv_msg/srv/ClassifyBuoy.js, /home/sinloops/catkin_ws/devel/share/gennodejs/ros/usv_msg/srv/ClassifyBuoy.js)
Linked: (/home/sinloops/catkin_ws/devel/.private/usv_msg/share/gennodejs/ros/usv_msg/msg/WaypointRoute.js, /home/sinloops/catkin_ws/devel/share/gennodejs/ros/usv_msg/msg/WaypointRoute.js)
Linked: (/home/sinloops/catkin_ws/devel/.private/usv_msg/share/gennodejs/ros/usv_msg/msg/WaypointReached.js, /home/sinloops/catkin_ws/devel/share/gennodejs/ros/usv_msg/msg/WaypointReached.js)
Linked: (/home/sinloops/catkin_ws/devel/.private/usv_msg/share/gennodejs/ros/usv_msg/msg/ObjectArray.js, /home/sinloops/catkin_ws/devel/share/gennodejs/ros/usv_msg/msg/ObjectArray.js)
Linked: (/home/sinloops/catkin_ws/devel/.private/usv_msg/share/gennodejs/ros/usv_msg/msg/_index.js, /home/sinloops/catkin_ws/devel/share/gennodejs/ros/usv_msg/msg/_index.js)
Linked: (/home/sinloops/catkin_ws/devel/.private/usv_msg/share/gennodejs/ros/usv_msg/msg/DockActionFeedback.js, /home/sinloops/catkin_ws/devel/share/gennodejs/ros/usv_msg/msg/DockActionFeedback.js)
Linked: (/home/sinloops/catkin_ws/devel/.private/usv_msg/share/gennodejs/ros/usv_msg/msg/Waypoint.js, /home/sinloops/catkin_ws/devel/share/gennodejs/ros/usv_msg/msg/Waypoint.js)
Linked: (/home/sinloops/catkin_ws/devel/.private/usv_msg/share/gennodejs/ros/usv_msg/msg/VesselWaypoint.js, /home/sinloops/catkin_ws/devel/share/gennodejs/ros/usv_msg/msg/VesselWaypoint.js)
Linked: (/home/sinloops/catkin_ws/devel/.private/usv_msg/share/gennodejs/ros/usv_msg/msg/Course.js, /home/sinloops/catkin_ws/devel/share/gennodejs/ros/usv_msg/msg/Course.js)
Linked: (/home/sinloops/catkin_ws/devel/.private/usv_msg/share/gennodejs/ros/usv_msg/msg/Object.js, /home/sinloops/catkin_ws/devel/share/gennodejs/ros/usv_msg/msg/Object.js)
Linked: (/home/sinloops/catkin_ws/devel/.private/usv_msg/share/gennodejs/ros/usv_msg/msg/VesselPath.js, /home/sinloops/catkin_ws/devel/share/gennodejs/ros/usv_msg/msg/VesselPath.js)
Linked: (/home/sinloops/catkin_ws/devel/.private/usv_msg/share/gennodejs/ros/usv_msg/msg/DockAction.js, /home/sinloops/catkin_ws/devel/share/gennodejs/ros/usv_msg/msg/DockAction.js)
Linked: (/home/sinloops/catkin_ws/devel/.private/usv_msg/share/gennodejs/ros/usv_msg/msg/DockGoal.js, /home/sinloops/catkin_ws/devel/share/gennodejs/ros/usv_msg/msg/DockGoal.js)
Linked: (/home/sinloops/catkin_ws/devel/.private/usv_msg/share/gennodejs/ros/usv_msg/msg/DockResult.js, /home/sinloops/catkin_ws/devel/share/gennodejs/ros/usv_msg/msg/DockResult.js)
Linked: (/home/sinloops/catkin_ws/devel/.private/usv_msg/share/gennodejs/ros/usv_msg/msg/DockFeedback.js, /home/sinloops/catkin_ws/devel/share/gennodejs/ros/usv_msg/msg/DockFeedback.js)
Linked: (/home/sinloops/catkin_ws/devel/.private/usv_msg/share/gennodejs/ros/usv_msg/msg/DockActionGoal.js, /home/sinloops/catkin_ws/devel/share/gennodejs/ros/usv_msg/msg/DockActionGoal.js)
Linked: (/home/sinloops/catkin_ws/devel/.private/usv_msg/share/gennodejs/ros/usv_msg/msg/Task.js, /home/sinloops/catkin_ws/devel/share/gennodejs/ros/usv_msg/msg/Task.js)
Linked: (/home/sinloops/catkin_ws/devel/.private/usv_msg/share/gennodejs/ros/usv_msg/msg/DockActionResult.js, /home/sinloops/catkin_ws/devel/share/gennodejs/ros/usv_msg/msg/DockActionResult.js)
Linked: (/home/sinloops/catkin_ws/devel/.private/usv_msg/share/roseus/ros/usv_msg/manifest.l, /home/sinloops/catkin_ws/devel/share/roseus/ros/usv_msg/manifest.l)
Linked: (/home/sinloops/catkin_ws/devel/.private/usv_msg/share/roseus/ros/usv_msg/srv/ClassifyBuoy.l, /home/sinloops/catkin_ws/devel/share/roseus/ros/usv_msg/srv/ClassifyBuoy.l)
Linked: (/home/sinloops/catkin_ws/devel/.private/usv_msg/share/roseus/ros/usv_msg/srv/ClassifyPlacard.l, /home/sinloops/catkin_ws/devel/share/roseus/ros/usv_msg/srv/ClassifyPlacard.l)
Linked: (/home/sinloops/catkin_ws/devel/.private/usv_msg/share/roseus/ros/usv_msg/msg/Object.l, /home/sinloops/catkin_ws/devel/share/roseus/ros/usv_msg/msg/Object.l)
Linked: (/home/sinloops/catkin_ws/devel/.private/usv_msg/share/roseus/ros/usv_msg/msg/DockActionFeedback.l, /home/sinloops/catkin_ws/devel/share/roseus/ros/usv_msg/msg/DockActionFeedback.l)
Linked: (/home/sinloops/catkin_ws/devel/.private/usv_msg/share/roseus/ros/usv_msg/msg/DockActionGoal.l, /home/sinloops/catkin_ws/devel/share/roseus/ros/usv_msg/msg/DockActionGoal.l)
Linked: (/home/sinloops/catkin_ws/devel/.private/usv_msg/share/roseus/ros/usv_msg/msg/Waypoint.l, /home/sinloops/catkin_ws/devel/share/roseus/ros/usv_msg/msg/Waypoint.l)
Linked: (/home/sinloops/catkin_ws/devel/.private/usv_msg/share/roseus/ros/usv_msg/msg/DockResult.l, /home/sinloops/catkin_ws/devel/share/roseus/ros/usv_msg/msg/DockResult.l)
Linked: (/home/sinloops/catkin_ws/devel/.private/usv_msg/share/roseus/ros/usv_msg/msg/DockAction.l, /home/sinloops/catkin_ws/devel/share/roseus/ros/usv_msg/msg/DockAction.l)
Linked: (/home/sinloops/catkin_ws/devel/.private/usv_msg/share/roseus/ros/usv_msg/msg/Course.l, /home/sinloops/catkin_ws/devel/share/roseus/ros/usv_msg/msg/Course.l)
Linked: (/home/sinloops/catkin_ws/devel/.private/usv_msg/share/roseus/ros/usv_msg/msg/DockFeedback.l, /home/sinloops/catkin_ws/devel/share/roseus/ros/usv_msg/msg/DockFeedback.l)
Linked: (/home/sinloops/catkin_ws/devel/.private/usv_msg/share/roseus/ros/usv_msg/msg/WaypointRoute.l, /home/sinloops/catkin_ws/devel/share/roseus/ros/usv_msg/msg/WaypointRoute.l)
Linked: (/home/sinloops/catkin_ws/devel/.private/usv_msg/share/roseus/ros/usv_msg/msg/WaypointReached.l, /home/sinloops/catkin_ws/devel/share/roseus/ros/usv_msg/msg/WaypointReached.l)
Linked: (/home/sinloops/catkin_ws/devel/.private/usv_msg/share/roseus/ros/usv_msg/msg/VesselWaypoint.l, /home/sinloops/catkin_ws/devel/share/roseus/ros/usv_msg/msg/VesselWaypoint.l)
Linked: (/home/sinloops/catkin_ws/devel/.private/usv_msg/share/roseus/ros/usv_msg/msg/DockActionResult.l, /home/sinloops/catkin_ws/devel/share/roseus/ros/usv_msg/msg/DockActionResult.l)
Linked: (/home/sinloops/catkin_ws/devel/.private/usv_msg/share/roseus/ros/usv_msg/msg/Task.l, /home/sinloops/catkin_ws/devel/share/roseus/ros/usv_msg/msg/Task.l)
Linked: (/home/sinloops/catkin_ws/devel/.private/usv_msg/share/roseus/ros/usv_msg/msg/VesselPath.l, /home/sinloops/catkin_ws/devel/share/roseus/ros/usv_msg/msg/VesselPath.l)
Linked: (/home/sinloops/catkin_ws/devel/.private/usv_msg/share/roseus/ros/usv_msg/msg/ObjectArray.l, /home/sinloops/catkin_ws/devel/share/roseus/ros/usv_msg/msg/ObjectArray.l)
Linked: (/home/sinloops/catkin_ws/devel/.private/usv_msg/share/roseus/ros/usv_msg/msg/DockGoal.l, /home/sinloops/catkin_ws/devel/share/roseus/ros/usv_msg/msg/DockGoal.l)
Linked: (/home/sinloops/catkin_ws/devel/.private/usv_msg/share/usv_msg/msg/DockActionGoal.msg, /home/sinloops/catkin_ws/devel/share/usv_msg/msg/DockActionGoal.msg)
Linked: (/home/sinloops/catkin_ws/devel/.private/usv_msg/share/usv_msg/msg/DockGoal.msg, /home/sinloops/catkin_ws/devel/share/usv_msg/msg/DockGoal.msg)
Linked: (/home/sinloops/catkin_ws/devel/.private/usv_msg/share/usv_msg/msg/DockActionResult.msg, /home/sinloops/catkin_ws/devel/share/usv_msg/msg/DockActionResult.msg)
Linked: (/home/sinloops/catkin_ws/devel/.private/usv_msg/share/usv_msg/msg/DockResult.msg, /home/sinloops/catkin_ws/devel/share/usv_msg/msg/DockResult.msg)
Linked: (/home/sinloops/catkin_ws/devel/.private/usv_msg/share/usv_msg/msg/DockAction.msg, /home/sinloops/catkin_ws/devel/share/usv_msg/msg/DockAction.msg)
Linked: (/home/sinloops/catkin_ws/devel/.private/usv_msg/share/usv_msg/msg/DockFeedback.msg, /home/sinloops/catkin_ws/devel/share/usv_msg/msg/DockFeedback.msg)
Linked: (/home/sinloops/catkin_ws/devel/.private/usv_msg/share/usv_msg/msg/DockActionFeedback.msg, /home/sinloops/catkin_ws/devel/share/usv_msg/msg/DockActionFeedback.msg)
Linked: (/home/sinloops/catkin_ws/devel/.private/usv_msg/share/usv_msg/cmake/usv_msg-msg-extras.cmake, /home/sinloops/catkin_ws/devel/share/usv_msg/cmake/usv_msg-msg-extras.cmake)
Linked: (/home/sinloops/catkin_ws/devel/.private/usv_msg/share/usv_msg/cmake/usv_msg-msg-paths.cmake, /home/sinloops/catkin_ws/devel/share/usv_msg/cmake/usv_msg-msg-paths.cmake)
Linked: (/home/sinloops/catkin_ws/devel/.private/usv_msg/share/usv_msg/cmake/usv_msgConfig.cmake, /home/sinloops/catkin_ws/devel/share/usv_msg/cmake/usv_msgConfig.cmake)
Linked: (/home/sinloops/catkin_ws/devel/.private/usv_msg/share/usv_msg/cmake/usv_msgConfig-version.cmake, /home/sinloops/catkin_ws/devel/share/usv_msg/cmake/usv_msgConfig-version.cmake)
Linked: (/home/sinloops/catkin_ws/devel/.private/usv_msg/include/usv_msg/Course.h, /home/sinloops/catkin_ws/devel/include/usv_msg/Course.h)
Linked: (/home/sinloops/catkin_ws/devel/.private/usv_msg/include/usv_msg/WaypointRoute.h, /home/sinloops/catkin_ws/devel/include/usv_msg/WaypointRoute.h)
Linked: (/home/sinloops/catkin_ws/devel/.private/usv_msg/include/usv_msg/Object.h, /home/sinloops/catkin_ws/devel/include/usv_msg/Object.h)
Linked: (/home/sinloops/catkin_ws/devel/.private/usv_msg/include/usv_msg/ClassifyPlacardResponse.h, /home/sinloops/catkin_ws/devel/include/usv_msg/ClassifyPlacardResponse.h)
Linked: (/home/sinloops/catkin_ws/devel/.private/usv_msg/include/usv_msg/DockActionGoal.h, /home/sinloops/catkin_ws/devel/include/usv_msg/DockActionGoal.h)
Linked: (/home/sinloops/catkin_ws/devel/.private/usv_msg/include/usv_msg/Task.h, /home/sinloops/catkin_ws/devel/include/usv_msg/Task.h)
Linked: (/home/sinloops/catkin_ws/devel/.private/usv_msg/include/usv_msg/ClassifyBuoyRequest.h, /home/sinloops/catkin_ws/devel/include/usv_msg/ClassifyBuoyRequest.h)
Linked: (/home/sinloops/catkin_ws/devel/.private/usv_msg/include/usv_msg/VesselPath.h, /home/sinloops/catkin_ws/devel/include/usv_msg/VesselPath.h)
Linked: (/home/sinloops/catkin_ws/devel/.private/usv_msg/include/usv_msg/Waypoint.h, /home/sinloops/catkin_ws/devel/include/usv_msg/Waypoint.h)
Linked: (/home/sinloops/catkin_ws/devel/.private/usv_msg/include/usv_msg/ClassifyBuoyResponse.h, /home/sinloops/catkin_ws/devel/include/usv_msg/ClassifyBuoyResponse.h)
Linked: (/home/sinloops/catkin_ws/devel/.private/usv_msg/include/usv_msg/ObjectArray.h, /home/sinloops/catkin_ws/devel/include/usv_msg/ObjectArray.h)
Linked: (/home/sinloops/catkin_ws/devel/.private/usv_msg/include/usv_msg/ClassifyBuoy.h, /home/sinloops/catkin_ws/devel/include/usv_msg/ClassifyBuoy.h)
Linked: (/home/sinloops/catkin_ws/devel/.private/usv_msg/include/usv_msg/VesselWaypoint.h, /home/sinloops/catkin_ws/devel/include/usv_msg/VesselWaypoint.h)
Linked: (/home/sinloops/catkin_ws/devel/.private/usv_msg/include/usv_msg/DockActionResult.h, /home/sinloops/catkin_ws/devel/include/usv_msg/DockActionResult.h)
Linked: (/home/sinloops/catkin_ws/devel/.private/usv_msg/include/usv_msg/DockAction.h, /home/sinloops/catkin_ws/devel/include/usv_msg/DockAction.h)
Linked: (/home/sinloops/catkin_ws/devel/.private/usv_msg/include/usv_msg/DockFeedback.h, /home/sinloops/catkin_ws/devel/include/usv_msg/DockFeedback.h)
Linked: (/home/sinloops/catkin_ws/devel/.private/usv_msg/include/usv_msg/DockResult.h, /home/sinloops/catkin_ws/devel/include/usv_msg/DockResult.h)
Linked: (/home/sinloops/catkin_ws/devel/.private/usv_msg/include/usv_msg/DockActionFeedback.h, /home/sinloops/catkin_ws/devel/include/usv_msg/DockActionFeedback.h)
Linked: (/home/sinloops/catkin_ws/devel/.private/usv_msg/include/usv_msg/DockGoal.h, /home/sinloops/catkin_ws/devel/include/usv_msg/DockGoal.h)
Linked: (/home/sinloops/catkin_ws/devel/.private/usv_msg/include/usv_msg/ClassifyPlacardRequest.h, /home/sinloops/catkin_ws/devel/include/usv_msg/ClassifyPlacardRequest.h)
Linked: (/home/sinloops/catkin_ws/devel/.private/usv_msg/include/usv_msg/ClassifyPlacard.h, /home/sinloops/catkin_ws/devel/include/usv_msg/ClassifyPlacard.h)
Linked: (/home/sinloops/catkin_ws/devel/.private/usv_msg/include/usv_msg/WaypointReached.h, /home/sinloops/catkin_ws/devel/include/usv_msg/WaypointReached.h)
