[35m[1mScanning dependencies of target _usv_msg_generate_messages_check_deps_ClassifyBuoy[0m
[35m[1mScanning dependencies of target _usv_msg_generate_messages_check_deps_ClassifyPlacard[0m
[35m[1mScanning dependencies of target sensor_msgs_generate_messages_lisp[0m
[35m[1mScanning dependencies of target _usv_msg_generate_messages_check_deps_Task[0m
[35m[1mScanning dependencies of target _usv_msg_generate_messages_check_deps_DockActionFeedback[0m
[35m[1mScanning dependencies of target actionlib_msgs_generate_messages_lisp[0m
[35m[1mScanning dependencies of target _usv_msg_generate_messages_check_deps_DockActionResult[0m
[35m[1mScanning dependencies of target _usv_msg_generate_messages_check_deps_WaypointRoute[0m
[35m[1mScanning dependencies of target geometry_msgs_generate_messages_lisp[0m
[35m[1mScanning dependencies of target _usv_msg_generate_messages_check_deps_DockActionGoal[0m
[  0%] Built target sensor_msgs_generate_messages_lisp
[  0%] Built target actionlib_msgs_generate_messages_lisp
[  0%] Built target geometry_msgs_generate_messages_lisp
[35m[1mScanning dependencies of target std_msgs_generate_messages_lisp[0m
[35m[1mScanning dependencies of target _usv_msg_generate_messages_check_deps_VesselWaypoint[0m
[35m[1mScanning dependencies of target _usv_msg_generate_messages_check_deps_VesselPath[0m
[  0%] Built target std_msgs_generate_messages_lisp
[  0%] Built target _usv_msg_generate_messages_check_deps_Task
[  0%] Built target _usv_msg_generate_messages_check_deps_DockActionFeedback
[  0%] Built target _usv_msg_generate_messages_check_deps_ClassifyBuoy
[  0%] Built target _usv_msg_generate_messages_check_deps_DockActionResult
[  0%] Built target _usv_msg_generate_messages_check_deps_ClassifyPlacard
[35m[1mScanning dependencies of target _usv_msg_generate_messages_check_deps_Course[0m
[  0%] Built target _usv_msg_generate_messages_check_deps_DockActionGoal
[35m[1mScanning dependencies of target _usv_msg_generate_messages_check_deps_Object[0m
[35m[1mScanning dependencies of target _usv_msg_generate_messages_check_deps_ObjectArray[0m
[  0%] Built target _usv_msg_generate_messages_check_deps_WaypointRoute
[35m[1mScanning dependencies of target _usv_msg_generate_messages_check_deps_DockAction[0m
[35m[1mScanning dependencies of target _usv_msg_generate_messages_check_deps_Waypoint[0m
[35m[1mScanning dependencies of target _usv_msg_generate_messages_check_deps_DockResult[0m
[35m[1mScanning dependencies of target _usv_msg_generate_messages_check_deps_WaypointReached[0m
[35m[1mScanning dependencies of target _usv_msg_generate_messages_check_deps_DockGoal[0m
[35m[1mScanning dependencies of target _usv_msg_generate_messages_check_deps_DockFeedback[0m
[  0%] Built target _usv_msg_generate_messages_check_deps_VesselWaypoint
[  0%] Built target _usv_msg_generate_messages_check_deps_VesselPath
[35m[1mScanning dependencies of target actionlib_msgs_generate_messages_eus[0m
[  0%] Built target _usv_msg_generate_messages_check_deps_Course
[  0%] Built target _usv_msg_generate_messages_check_deps_DockAction
[  0%] Built target _usv_msg_generate_messages_check_deps_Object
[  0%] Built target actionlib_msgs_generate_messages_eus
[35m[1mScanning dependencies of target sensor_msgs_generate_messages_eus[0m
[  0%] Built target _usv_msg_generate_messages_check_deps_DockResult
[35m[1mScanning dependencies of target std_msgs_generate_messages_eus[0m
[35m[1mScanning dependencies of target geometry_msgs_generate_messages_eus[0m
[  0%] Built target _usv_msg_generate_messages_check_deps_ObjectArray
[  0%] Built target _usv_msg_generate_messages_check_deps_Waypoint
[  0%] Built target sensor_msgs_generate_messages_eus
[35m[1mScanning dependencies of target sensor_msgs_generate_messages_cpp[0m
[  0%] Built target _usv_msg_generate_messages_check_deps_DockGoal
[  0%] Built target _usv_msg_generate_messages_check_deps_WaypointReached
[35m[1mScanning dependencies of target std_msgs_generate_messages_cpp[0m
[  0%] Built target std_msgs_generate_messages_eus
[35m[1mScanning dependencies of target actionlib_msgs_generate_messages_py[0m
[  0%] Built target _usv_msg_generate_messages_check_deps_DockFeedback
[  0%] Built target geometry_msgs_generate_messages_eus
[35m[1mScanning dependencies of target geometry_msgs_generate_messages_cpp[0m
[35m[1mScanning dependencies of target actionlib_msgs_generate_messages_cpp[0m
[35m[1mScanning dependencies of target sensor_msgs_generate_messages_py[0m
[35m[1mScanning dependencies of target geometry_msgs_generate_messages_py[0m
[35m[1mScanning dependencies of target std_msgs_generate_messages_nodejs[0m
[  0%] Built target sensor_msgs_generate_messages_cpp
[35m[1mScanning dependencies of target sensor_msgs_generate_messages_nodejs[0m
[35m[1mScanning dependencies of target std_msgs_generate_messages_py[0m
[  0%] Built target actionlib_msgs_generate_messages_py
[  0%] Built target std_msgs_generate_messages_cpp
[35m[1mScanning dependencies of target geometry_msgs_generate_messages_nodejs[0m
[  0%] Built target geometry_msgs_generate_messages_cpp
[35m[1mScanning dependencies of target actionlib_msgs_generate_messages_nodejs[0m
[  0%] Built target actionlib_msgs_generate_messages_cpp
[  0%] Built target geometry_msgs_generate_messages_py
[  0%] Built target sensor_msgs_generate_messages_py
[35m[1mScanning dependencies of target usv_msg_generate_messages_lisp[0m
[  0%] Built target sensor_msgs_generate_messages_nodejs
[  0%] Built target std_msgs_generate_messages_nodejs
[  0%] Built target std_msgs_generate_messages_py
[35m[1mScanning dependencies of target usv_msg_generate_messages_eus[0m
[  0%] Built target geometry_msgs_generate_messages_nodejs
[  0%] Built target actionlib_msgs_generate_messages_nodejs
[35m[1mScanning dependencies of target usv_msg_generate_messages_cpp[0m
[  1%] [34m[1mGenerating Lisp code from usv_msg/VesselPath.msg[0m
[  2%] [34m[1mGenerating Lisp code from usv_msg/Course.msg[0m
[  3%] [34m[1mGenerating Lisp code from usv_msg/Object.msg[0m
[  4%] [34m[1mGenerating Lisp code from usv_msg/VesselWaypoint.msg[0m
[  5%] [34m[1mGenerating Lisp code from usv_msg/ObjectArray.msg[0m
[  6%] [34m[1mGenerating Lisp code from usv_msg/Task.msg[0m
[  7%] [34m[1mGenerating Lisp code from usv_msg/WaypointRoute.msg[0m
[  8%] [34m[1mGenerating Lisp code from usv_msg/Waypoint.msg[0m
[  9%] [34m[1mGenerating Lisp code from usv_msg/WaypointReached.msg[0m
[35m[1mScanning dependencies of target usv_msg_generate_messages_py[0m
[ 10%] [34m[1mGenerating EusLisp code from usv_msg/Course.msg[0m
[ 11%] [34m[1mGenerating C++ code from usv_msg/Course.msg[0m
[35m[1mScanning dependencies of target usv_msg_generate_messages_nodejs[0m
[ 12%] [34m[1mGenerating Python from MSG usv_msg/Course[0m
[ 13%] [34m[1mGenerating Javascript code from usv_msg/Course.msg[0m
[ 15%] [34m[1mGenerating Lisp code from usv_msg/DockActionGoal.msg[0m
[ 16%] [34m[1mGenerating Lisp code from usv_msg/DockAction.msg[0m
[ 17%] [34m[1mGenerating Lisp code from usv_msg/DockActionResult.msg[0m
[ 18%] [34m[1mGenerating Lisp code from usv_msg/DockActionFeedback.msg[0m
[ 19%] [34m[1mGenerating Javascript code from usv_msg/VesselPath.msg[0m
[ 20%] [34m[1mGenerating Javascript code from usv_msg/VesselWaypoint.msg[0m
[ 21%] [34m[1mGenerating Lisp code from usv_msg/DockGoal.msg[0m
[ 22%] [34m[1mGenerating Lisp code from usv_msg/DockResult.msg[0m
[ 23%] [34m[1mGenerating EusLisp code from usv_msg/VesselWaypoint.msg[0m
[ 24%] [34m[1mGenerating Lisp code from usv_msg/DockFeedback.msg[0m
[ 25%] [34m[1mGenerating Lisp code from usv_msg/ClassifyBuoy.srv[0m
[ 26%] [34m[1mGenerating EusLisp code from usv_msg/VesselPath.msg[0m
[ 27%] [34m[1mGenerating Javascript code from usv_msg/ObjectArray.msg[0m
[ 29%] [34m[1mGenerating Javascript code from usv_msg/Object.msg[0m
[ 30%] [34m[1mGenerating Lisp code from usv_msg/ClassifyPlacard.srv[0m
[ 31%] [34m[1mGenerating Javascript code from usv_msg/Waypoint.msg[0m
[ 32%] [34m[1mGenerating C++ code from usv_msg/VesselWaypoint.msg[0m
[ 33%] [34m[1mGenerating EusLisp code from usv_msg/Object.msg[0m
[ 34%] [34m[1mGenerating EusLisp code from usv_msg/ObjectArray.msg[0m
[ 35%] [34m[1mGenerating Javascript code from usv_msg/WaypointRoute.msg[0m
[ 36%] [34m[1mGenerating EusLisp code from usv_msg/Waypoint.msg[0m
[ 37%] [34m[1mGenerating Javascript code from usv_msg/Task.msg[0m
[ 38%] [34m[1mGenerating Javascript code from usv_msg/DockAction.msg[0m
[ 39%] [34m[1mGenerating Javascript code from usv_msg/WaypointReached.msg[0m
[ 40%] [34m[1mGenerating Javascript code from usv_msg/DockActionGoal.msg[0m
[ 41%] [34m[1mGenerating Javascript code from usv_msg/DockActionResult.msg[0m
[ 43%] [34m[1mGenerating Javascript code from usv_msg/DockActionFeedback.msg[0m
[ 44%] [34m[1mGenerating Python from MSG usv_msg/VesselWaypoint[0m
[ 44%] Built target usv_msg_generate_messages_lisp
[ 45%] [34m[1mGenerating Javascript code from usv_msg/DockGoal.msg[0m
[ 46%] [34m[1mGenerating Javascript code from usv_msg/DockResult.msg[0m
[ 47%] [34m[1mGenerating EusLisp code from usv_msg/WaypointRoute.msg[0m
[ 48%] [34m[1mGenerating Javascript code from usv_msg/ClassifyBuoy.srv[0m
[ 49%] [34m[1mGenerating Javascript code from usv_msg/DockFeedback.msg[0m
[ 50%] [34m[1mGenerating EusLisp code from usv_msg/Task.msg[0m
[ 51%] [34m[1mGenerating EusLisp code from usv_msg/DockAction.msg[0m
[ 52%] [34m[1mGenerating EusLisp code from usv_msg/DockActionGoal.msg[0m
[ 53%] [34m[1mGenerating Javascript code from usv_msg/ClassifyPlacard.srv[0m
[ 54%] [34m[1mGenerating EusLisp code from usv_msg/WaypointReached.msg[0m
[ 55%] [34m[1mGenerating C++ code from usv_msg/VesselPath.msg[0m
[ 56%] [34m[1mGenerating EusLisp code from usv_msg/DockActionResult.msg[0m
[ 58%] [34m[1mGenerating C++ code from usv_msg/Object.msg[0m
[ 59%] [34m[1mGenerating C++ code from usv_msg/ObjectArray.msg[0m
[ 60%] [34m[1mGenerating C++ code from usv_msg/Waypoint.msg[0m
[ 60%] Built target usv_msg_generate_messages_nodejs
[ 62%] [34m[1mGenerating EusLisp code from usv_msg/DockGoal.msg[0m
[ 62%] [34m[1mGenerating EusLisp code from usv_msg/DockActionFeedback.msg[0m
[ 63%] [34m[1mGenerating Python from MSG usv_msg/VesselPath[0m
[ 64%] [34m[1mGenerating EusLisp code from usv_msg/DockResult.msg[0m
[ 65%] [34m[1mGenerating Python from MSG usv_msg/Object[0m
[ 66%] [34m[1mGenerating EusLisp code from usv_msg/DockFeedback.msg[0m
[ 67%] [34m[1mGenerating EusLisp code from usv_msg/ClassifyBuoy.srv[0m
[ 68%] [34m[1mGenerating EusLisp code from usv_msg/ClassifyPlacard.srv[0m
[ 69%] [34m[1mGenerating Python from MSG usv_msg/ObjectArray[0m
[ 70%] [34m[1mGenerating C++ code from usv_msg/WaypointRoute.msg[0m
[ 72%] [34m[1mGenerating EusLisp manifest code for usv_msg[0m
[ 73%] [34m[1mGenerating Python from MSG usv_msg/Waypoint[0m
[ 74%] [34m[1mGenerating C++ code from usv_msg/Task.msg[0m
[ 75%] [34m[1mGenerating C++ code from usv_msg/WaypointReached.msg[0m
[ 76%] [34m[1mGenerating C++ code from usv_msg/DockAction.msg[0m
[ 77%] [34m[1mGenerating C++ code from usv_msg/DockActionGoal.msg[0m
[ 78%] [34m[1mGenerating Python from MSG usv_msg/WaypointRoute[0m
[ 79%] [34m[1mGenerating Python from MSG usv_msg/Task[0m
[ 80%] [34m[1mGenerating Python from MSG usv_msg/WaypointReached[0m
[ 81%] [34m[1mGenerating Python from MSG usv_msg/DockAction[0m
[ 82%] [34m[1mGenerating C++ code from usv_msg/DockActionResult.msg[0m
[ 83%] [34m[1mGenerating Python from MSG usv_msg/DockActionGoal[0m
[ 84%] [34m[1mGenerating C++ code from usv_msg/DockActionFeedback.msg[0m
[ 86%] [34m[1mGenerating Python from MSG usv_msg/DockActionResult[0m
[ 87%] [34m[1mGenerating C++ code from usv_msg/DockGoal.msg[0m
[ 88%] [34m[1mGenerating Python from MSG usv_msg/DockActionFeedback[0m
[ 89%] [34m[1mGenerating C++ code from usv_msg/DockResult.msg[0m
[ 90%] [34m[1mGenerating Python from MSG usv_msg/DockGoal[0m
[ 91%] [34m[1mGenerating C++ code from usv_msg/DockFeedback.msg[0m
[ 92%] [34m[1mGenerating Python from MSG usv_msg/DockResult[0m
[ 93%] [34m[1mGenerating C++ code from usv_msg/ClassifyBuoy.srv[0m
[ 94%] [34m[1mGenerating Python from MSG usv_msg/DockFeedback[0m
[ 95%] [34m[1mGenerating C++ code from usv_msg/ClassifyPlacard.srv[0m
[ 96%] [34m[1mGenerating Python code from SRV usv_msg/ClassifyBuoy[0m
[ 97%] [34m[1mGenerating Python code from SRV usv_msg/ClassifyPlacard[0m
[ 98%] [34m[1mGenerating Python srv __init__.py for usv_msg[0m
[100%] [34m[1mGenerating Python msg __init__.py for usv_msg[0m
[100%] Built target usv_msg_generate_messages_cpp
[100%] Built target usv_msg_generate_messages_eus
[100%] Built target usv_msg_generate_messages_py
[35m[1mScanning dependencies of target usv_msg_generate_messages[0m
[100%] Built target usv_msg_generate_messages
