Symlinking /home/sinloops/catkin_ws/devel/lib/libperception_scoring_plugin.so
Symlinking /home/sinloops/catkin_ws/devel/lib/liblight_buoy_plugin.so
Symlinking /home/sinloops/catkin_ws/devel/lib/libscoring_plugin.so
Symlinking /home/sinloops/catkin_ws/devel/lib/libgui_task_widget.so
Symlinking /home/sinloops/catkin_ws/devel/lib/libball_shooter_plugin.so
Symlinking /home/sinloops/catkin_ws/devel/lib/libdock_placard_msgs.so
Symlinking /home/sinloops/catkin_ws/devel/lib/libwaypoint_markers.so
Symlinking /home/sinloops/catkin_ws/devel/lib/liblight_buoy_colors_msgs.so
Symlinking /home/sinloops/catkin_ws/devel/lib/libplacard_plugin.so
Symlinking /home/sinloops/catkin_ws/devel/lib/libscan_dock_scoring_plugin.so
Symlinking /home/sinloops/catkin_ws/devel/lib/libnavigation_scoring_plugin.so
Symlinking /home/sinloops/catkin_ws/devel/lib/libgymkhana_vrx_scoring_plugin.so
Symlinking /home/sinloops/catkin_ws/devel/lib/libfollow_plugin.so
Symlinking /home/sinloops/catkin_ws/devel/lib/libwayfinding_scoring_plugin.so
Symlinking /home/sinloops/catkin_ws/devel/lib/libstationkeeping_scoring_plugin.so
Symlinking /home/sinloops/catkin_ws/devel/lib/libwildlife_scoring_plugin.so
Symlinking /home/sinloops/catkin_ws/devel/lib/pkgconfig/vrx_gazebo.pc
Symlinking /home/sinloops/catkin_ws/devel/lib/python3/dist-packages/vrx_gazebo/__init__.py
Symlinking /home/sinloops/catkin_ws/devel/lib/python3/dist-packages/vrx_gazebo/srv/_BallShooter.py
Symlinking /home/sinloops/catkin_ws/devel/lib/python3/dist-packages/vrx_gazebo/srv/_ColorSequence.py
Symlinking /home/sinloops/catkin_ws/devel/lib/python3/dist-packages/vrx_gazebo/srv/__init__.py
Symlinking /home/sinloops/catkin_ws/devel/lib/python3/dist-packages/vrx_gazebo/msg/_Task.py
Symlinking /home/sinloops/catkin_ws/devel/lib/python3/dist-packages/vrx_gazebo/msg/_Contact.py
Symlinking /home/sinloops/catkin_ws/devel/lib/python3/dist-packages/vrx_gazebo/msg/__init__.py
Symlinking /home/sinloops/catkin_ws/devel/lib/vrx_gazebo/twist2thrust.py
Symlinking /home/sinloops/catkin_ws/devel/lib/vrx_gazebo/generate_wamv.py
Symlinking /home/sinloops/catkin_ws/devel/lib/vrx_gazebo/key2thrust_angle.py
Symlinking /home/sinloops/catkin_ws/devel/lib/vrx_gazebo/pinger_visualization.py
Symlinking /home/sinloops/catkin_ws/devel/lib/vrx_gazebo/cmake.lock
Symlinking /home/sinloops/catkin_ws/devel/lib/vrx_gazebo/set_pinger_position.py
Symlinking /home/sinloops/catkin_ws/devel/lib/vrx_gazebo/generate_worlds.py
Symlinking /home/sinloops/catkin_ws/devel/share/vrx_gazebo/cmake/vrx_gazeboConfig.cmake
Symlinking /home/sinloops/catkin_ws/devel/share/vrx_gazebo/cmake/vrx_gazeboConfig-version.cmake
Symlinking /home/sinloops/catkin_ws/devel/share/vrx_gazebo/cmake/vrx_gazebo-msg-extras.cmake
Symlinking /home/sinloops/catkin_ws/devel/share/vrx_gazebo/cmake/vrx_gazebo-msg-paths.cmake
Symlinking /home/sinloops/catkin_ws/devel/share/vrx_gazebo/worlds/gymkhana.world
Symlinking /home/sinloops/catkin_ws/devel/share/vrx_gazebo/worlds/wildlife_task.world
Symlinking /home/sinloops/catkin_ws/devel/share/vrx_gazebo/worlds/stationkeeping_task.world
Symlinking /home/sinloops/catkin_ws/devel/share/vrx_gazebo/worlds/wayfinding_task.world
Symlinking /home/sinloops/catkin_ws/devel/share/vrx_gazebo/worlds/example_course.world
Symlinking /home/sinloops/catkin_ws/devel/share/vrx_gazebo/worlds/sydneyregatta.world
Symlinking /home/sinloops/catkin_ws/devel/share/vrx_gazebo/worlds/scan_dock_deliver.world
Symlinking /home/sinloops/catkin_ws/devel/share/vrx_gazebo/worlds/perception_task.world
Symlinking /home/sinloops/catkin_ws/devel/share/common-lisp/ros/vrx_gazebo/srv/vrx_gazebo-srv.asd
Symlinking /home/sinloops/catkin_ws/devel/share/common-lisp/ros/vrx_gazebo/srv/_package_BallShooter.lisp
Symlinking /home/sinloops/catkin_ws/devel/share/common-lisp/ros/vrx_gazebo/srv/_package.lisp
Symlinking /home/sinloops/catkin_ws/devel/share/common-lisp/ros/vrx_gazebo/srv/ColorSequence.lisp
Symlinking /home/sinloops/catkin_ws/devel/share/common-lisp/ros/vrx_gazebo/srv/_package_ColorSequence.lisp
Symlinking /home/sinloops/catkin_ws/devel/share/common-lisp/ros/vrx_gazebo/srv/BallShooter.lisp
Symlinking /home/sinloops/catkin_ws/devel/share/common-lisp/ros/vrx_gazebo/msg/Task.lisp
Symlinking /home/sinloops/catkin_ws/devel/share/common-lisp/ros/vrx_gazebo/msg/Contact.lisp
Symlinking /home/sinloops/catkin_ws/devel/share/common-lisp/ros/vrx_gazebo/msg/_package_Contact.lisp
Symlinking /home/sinloops/catkin_ws/devel/share/common-lisp/ros/vrx_gazebo/msg/_package.lisp
Symlinking /home/sinloops/catkin_ws/devel/share/common-lisp/ros/vrx_gazebo/msg/_package_Task.lisp
Symlinking /home/sinloops/catkin_ws/devel/share/common-lisp/ros/vrx_gazebo/msg/vrx_gazebo-msg.asd
Symlinking /home/sinloops/catkin_ws/devel/share/gennodejs/ros/vrx_gazebo/_index.js
Symlinking /home/sinloops/catkin_ws/devel/share/gennodejs/ros/vrx_gazebo/srv/_index.js
Symlinking /home/sinloops/catkin_ws/devel/share/gennodejs/ros/vrx_gazebo/srv/BallShooter.js
Symlinking /home/sinloops/catkin_ws/devel/share/gennodejs/ros/vrx_gazebo/srv/ColorSequence.js
Symlinking /home/sinloops/catkin_ws/devel/share/gennodejs/ros/vrx_gazebo/msg/_index.js
Symlinking /home/sinloops/catkin_ws/devel/share/gennodejs/ros/vrx_gazebo/msg/Task.js
Symlinking /home/sinloops/catkin_ws/devel/share/gennodejs/ros/vrx_gazebo/msg/Contact.js
Symlinking /home/sinloops/catkin_ws/devel/share/roseus/ros/vrx_gazebo/manifest.l
Symlinking /home/sinloops/catkin_ws/devel/share/roseus/ros/vrx_gazebo/srv/BallShooter.l
Symlinking /home/sinloops/catkin_ws/devel/share/roseus/ros/vrx_gazebo/srv/ColorSequence.l
Symlinking /home/sinloops/catkin_ws/devel/share/roseus/ros/vrx_gazebo/msg/Contact.l
Symlinking /home/sinloops/catkin_ws/devel/share/roseus/ros/vrx_gazebo/msg/Task.l
Symlinking /home/sinloops/catkin_ws/devel/include/vrx_gazebo/BallShooterRequest.h
Symlinking /home/sinloops/catkin_ws/devel/include/vrx_gazebo/Contact.h
Symlinking /home/sinloops/catkin_ws/devel/include/vrx_gazebo/Task.h
Symlinking /home/sinloops/catkin_ws/devel/include/vrx_gazebo/BallShooter.h
Symlinking /home/sinloops/catkin_ws/devel/include/vrx_gazebo/BallShooterResponse.h
Symlinking /home/sinloops/catkin_ws/devel/include/vrx_gazebo/ColorSequence.h
Symlinking /home/sinloops/catkin_ws/devel/include/vrx_gazebo/ColorSequenceResponse.h
Symlinking /home/sinloops/catkin_ws/devel/include/vrx_gazebo/ColorSequenceRequest.h
