Symlinking /home/sinloops/catkin_ws/devel/lib/pkgconfig/rosserial_mbed.pc
Symlinking /home/sinloops/catkin_ws/devel/lib/python3/dist-packages/rosserial_mbed/__init__.py
Symlinking /home/sinloops/catkin_ws/devel/lib/python3/dist-packages/rosserial_mbed/srv/_Test.py
Symlinking /home/sinloops/catkin_ws/devel/lib/python3/dist-packages/rosserial_mbed/srv/__init__.py
Symlinking /home/sinloops/catkin_ws/devel/lib/python3/dist-packages/rosserial_mbed/msg/_Adc.py
Symlinking /home/sinloops/catkin_ws/devel/lib/python3/dist-packages/rosserial_mbed/msg/__init__.py
Symlinking /home/sinloops/catkin_ws/devel/lib/rosserial_mbed/make_libraries.py
Symlinking /home/sinloops/catkin_ws/devel/lib/rosserial_mbed/cmake.lock
Symlinking /home/sinloops/catkin_ws/devel/share/common-lisp/ros/rosserial_mbed/srv/rosserial_mbed-srv.asd
Symlinking /home/sinloops/catkin_ws/devel/share/common-lisp/ros/rosserial_mbed/srv/Test.lisp
Symlinking /home/sinloops/catkin_ws/devel/share/common-lisp/ros/rosserial_mbed/srv/_package_Test.lisp
Symlinking /home/sinloops/catkin_ws/devel/share/common-lisp/ros/rosserial_mbed/srv/_package.lisp
Symlinking /home/sinloops/catkin_ws/devel/share/common-lisp/ros/rosserial_mbed/msg/_package_Adc.lisp
Symlinking /home/sinloops/catkin_ws/devel/share/common-lisp/ros/rosserial_mbed/msg/Adc.lisp
Symlinking /home/sinloops/catkin_ws/devel/share/common-lisp/ros/rosserial_mbed/msg/rosserial_mbed-msg.asd
Symlinking /home/sinloops/catkin_ws/devel/share/common-lisp/ros/rosserial_mbed/msg/_package.lisp
Symlinking /home/sinloops/catkin_ws/devel/share/rosserial_mbed/cmake/rosserial_mbed-msg-extras.cmake
Symlinking /home/sinloops/catkin_ws/devel/share/rosserial_mbed/cmake/rosserial_mbedConfig.cmake
Symlinking /home/sinloops/catkin_ws/devel/share/rosserial_mbed/cmake/rosserial_mbedConfig-version.cmake
Symlinking /home/sinloops/catkin_ws/devel/share/rosserial_mbed/cmake/rosserial_mbed-msg-paths.cmake
Symlinking /home/sinloops/catkin_ws/devel/share/gennodejs/ros/rosserial_mbed/_index.js
Symlinking /home/sinloops/catkin_ws/devel/share/gennodejs/ros/rosserial_mbed/srv/_index.js
Symlinking /home/sinloops/catkin_ws/devel/share/gennodejs/ros/rosserial_mbed/srv/Test.js
Symlinking /home/sinloops/catkin_ws/devel/share/gennodejs/ros/rosserial_mbed/msg/_index.js
Symlinking /home/sinloops/catkin_ws/devel/share/gennodejs/ros/rosserial_mbed/msg/Adc.js
Symlinking /home/sinloops/catkin_ws/devel/share/roseus/ros/rosserial_mbed/manifest.l
Symlinking /home/sinloops/catkin_ws/devel/share/roseus/ros/rosserial_mbed/srv/Test.l
Symlinking /home/sinloops/catkin_ws/devel/share/roseus/ros/rosserial_mbed/msg/Adc.l
Symlinking /home/sinloops/catkin_ws/devel/include/rosserial_mbed/TestResponse.h
Symlinking /home/sinloops/catkin_ws/devel/include/rosserial_mbed/Test.h
Symlinking /home/sinloops/catkin_ws/devel/include/rosserial_mbed/Adc.h
Symlinking /home/sinloops/catkin_ws/devel/include/rosserial_mbed/TestRequest.h
