Linked: (/home/sinloops/catkin_ws/devel/.private/openslam_gmapping/lib/libgridfastslam.so, /home/sinloops/catkin_ws/devel/lib/libgridfastslam.so)
Linked: (/home/sinloops/catkin_ws/devel/.private/openslam_gmapping/lib/libsensor_base.so, /home/sinloops/catkin_ws/devel/lib/libsensor_base.so)
Linked: (/home/sinloops/catkin_ws/devel/.private/openslam_gmapping/lib/libsensor_odometry.so, /home/sinloops/catkin_ws/devel/lib/libsensor_odometry.so)
Linked: (/home/sinloops/catkin_ws/devel/.private/openslam_gmapping/lib/libconfigfile.so, /home/sinloops/catkin_ws/devel/lib/libconfigfile.so)
Linked: (/home/sinloops/catkin_ws/devel/.private/openslam_gmapping/lib/libutils.so, /home/sinloops/catkin_ws/devel/lib/libutils.so)
Linked: (/home/sinloops/catkin_ws/devel/.private/openslam_gmapping/lib/libsensor_range.so, /home/sinloops/catkin_ws/devel/lib/libsensor_range.so)
Linked: (/home/sinloops/catkin_ws/devel/.private/openslam_gmapping/lib/liblog.so, /home/sinloops/catkin_ws/devel/lib/liblog.so)
Linked: (/home/sinloops/catkin_ws/devel/.private/openslam_gmapping/lib/libscanmatcher.so, /home/sinloops/catkin_ws/devel/lib/libscanmatcher.so)
Linked: (/home/sinloops/catkin_ws/devel/.private/openslam_gmapping/lib/pkgconfig/openslam_gmapping.pc, /home/sinloops/catkin_ws/devel/lib/pkgconfig/openslam_gmapping.pc)
Linked: (/home/sinloops/catkin_ws/devel/.private/openslam_gmapping/lib/openslam_gmapping/scanstudio2carmen, /home/sinloops/catkin_ws/devel/lib/openslam_gmapping/scanstudio2carmen)
Linked: (/home/sinloops/catkin_ws/devel/.private/openslam_gmapping/lib/openslam_gmapping/rdk2carmen, /home/sinloops/catkin_ws/devel/lib/openslam_gmapping/rdk2carmen)
Linked: (/home/sinloops/catkin_ws/devel/.private/openslam_gmapping/lib/openslam_gmapping/gfs2neff, /home/sinloops/catkin_ws/devel/lib/openslam_gmapping/gfs2neff)
Linked: (/home/sinloops/catkin_ws/devel/.private/openslam_gmapping/lib/openslam_gmapping/log_plot, /home/sinloops/catkin_ws/devel/lib/openslam_gmapping/log_plot)
Linked: (/home/sinloops/catkin_ws/devel/.private/openslam_gmapping/lib/openslam_gmapping/gfs2log, /home/sinloops/catkin_ws/devel/lib/openslam_gmapping/gfs2log)
Linked: (/home/sinloops/catkin_ws/devel/.private/openslam_gmapping/lib/openslam_gmapping/configfile_test, /home/sinloops/catkin_ws/devel/lib/openslam_gmapping/configfile_test)
Linked: (/home/sinloops/catkin_ws/devel/.private/openslam_gmapping/lib/openslam_gmapping/autoptr_test, /home/sinloops/catkin_ws/devel/lib/openslam_gmapping/autoptr_test)
Linked: (/home/sinloops/catkin_ws/devel/.private/openslam_gmapping/lib/openslam_gmapping/gfs2rec, /home/sinloops/catkin_ws/devel/lib/openslam_gmapping/gfs2rec)
Linked: (/home/sinloops/catkin_ws/devel/.private/openslam_gmapping/lib/openslam_gmapping/log_test, /home/sinloops/catkin_ws/devel/lib/openslam_gmapping/log_test)
Linked: (/home/sinloops/catkin_ws/devel/.private/openslam_gmapping/lib/openslam_gmapping/icptest, /home/sinloops/catkin_ws/devel/lib/openslam_gmapping/icptest)
Linked: (/home/sinloops/catkin_ws/devel/.private/openslam_gmapping/lib/openslam_gmapping/scanmatch_test, /home/sinloops/catkin_ws/devel/lib/openslam_gmapping/scanmatch_test)
Linked: (/home/sinloops/catkin_ws/devel/.private/openslam_gmapping/share/openslam_gmapping/cmake/openslam_gmappingConfig-version.cmake, /home/sinloops/catkin_ws/devel/share/openslam_gmapping/cmake/openslam_gmappingConfig-version.cmake)
Linked: (/home/sinloops/catkin_ws/devel/.private/openslam_gmapping/share/openslam_gmapping/cmake/openslam_gmappingConfig.cmake, /home/sinloops/catkin_ws/devel/share/openslam_gmapping/cmake/openslam_gmappingConfig.cmake)
Linked: (/home/sinloops/catkin_ws/devel/.private/openslam_gmapping/include/gmapping/log/log_export.h, /home/sinloops/catkin_ws/devel/include/gmapping/log/log_export.h)
Linked: (/home/sinloops/catkin_ws/devel/.private/openslam_gmapping/include/gmapping/utils/utils_export.h, /home/sinloops/catkin_ws/devel/include/gmapping/utils/utils_export.h)
Linked: (/home/sinloops/catkin_ws/devel/.private/openslam_gmapping/include/gmapping/scanmatcher/scanmatcher_export.h, /home/sinloops/catkin_ws/devel/include/gmapping/scanmatcher/scanmatcher_export.h)
Linked: (/home/sinloops/catkin_ws/devel/.private/openslam_gmapping/include/gmapping/configfile/configfile_export.h, /home/sinloops/catkin_ws/devel/include/gmapping/configfile/configfile_export.h)
Linked: (/home/sinloops/catkin_ws/devel/.private/openslam_gmapping/include/gmapping/gridfastslam/gridfastslam_export.h, /home/sinloops/catkin_ws/devel/include/gmapping/gridfastslam/gridfastslam_export.h)
Linked: (/home/sinloops/catkin_ws/devel/.private/openslam_gmapping/include/gmapping/sensor/sensor_base/sensor_base_export.h, /home/sinloops/catkin_ws/devel/include/gmapping/sensor/sensor_base/sensor_base_export.h)
Linked: (/home/sinloops/catkin_ws/devel/.private/openslam_gmapping/include/gmapping/sensor/sensor_range/sensor_range_export.h, /home/sinloops/catkin_ws/devel/include/gmapping/sensor/sensor_range/sensor_range_export.h)
Linked: (/home/sinloops/catkin_ws/devel/.private/openslam_gmapping/include/gmapping/sensor/sensor_odometry/sensor_odometry_export.h, /home/sinloops/catkin_ws/devel/include/gmapping/sensor/sensor_odometry/sensor_odometry_export.h)
