Symlinking /home/sinloops/catkin_ws/devel/lib/libgridfastslam.so
Symlinking /home/sinloops/catkin_ws/devel/lib/libsensor_base.so
Symlinking /home/sinloops/catkin_ws/devel/lib/libsensor_odometry.so
Symlinking /home/sinloops/catkin_ws/devel/lib/libconfigfile.so
Symlinking /home/sinloops/catkin_ws/devel/lib/libutils.so
Symlinking /home/sinloops/catkin_ws/devel/lib/libsensor_range.so
Symlinking /home/sinloops/catkin_ws/devel/lib/liblog.so
Symlinking /home/sinloops/catkin_ws/devel/lib/libscanmatcher.so
Symlinking /home/sinloops/catkin_ws/devel/lib/pkgconfig/openslam_gmapping.pc
Symlinking /home/sinloops/catkin_ws/devel/lib/openslam_gmapping/scanstudio2carmen
Symlinking /home/sinloops/catkin_ws/devel/lib/openslam_gmapping/rdk2carmen
Symlinking /home/sinloops/catkin_ws/devel/lib/openslam_gmapping/gfs2neff
Symlinking /home/sinloops/catkin_ws/devel/lib/openslam_gmapping/log_plot
Symlinking /home/sinloops/catkin_ws/devel/lib/openslam_gmapping/gfs2log
Symlinking /home/sinloops/catkin_ws/devel/lib/openslam_gmapping/configfile_test
Symlinking /home/sinloops/catkin_ws/devel/lib/openslam_gmapping/autoptr_test
Symlinking /home/sinloops/catkin_ws/devel/lib/openslam_gmapping/gfs2rec
Symlinking /home/sinloops/catkin_ws/devel/lib/openslam_gmapping/log_test
Symlinking /home/sinloops/catkin_ws/devel/lib/openslam_gmapping/icptest
Symlinking /home/sinloops/catkin_ws/devel/lib/openslam_gmapping/scanmatch_test
Symlinking /home/sinloops/catkin_ws/devel/share/openslam_gmapping/cmake/openslam_gmappingConfig-version.cmake
Symlinking /home/sinloops/catkin_ws/devel/share/openslam_gmapping/cmake/openslam_gmappingConfig.cmake
Symlinking /home/sinloops/catkin_ws/devel/include/gmapping/log/log_export.h
Symlinking /home/sinloops/catkin_ws/devel/include/gmapping/utils/utils_export.h
Symlinking /home/sinloops/catkin_ws/devel/include/gmapping/scanmatcher/scanmatcher_export.h
Symlinking /home/sinloops/catkin_ws/devel/include/gmapping/configfile/configfile_export.h
Symlinking /home/sinloops/catkin_ws/devel/include/gmapping/gridfastslam/gridfastslam_export.h
Symlinking /home/sinloops/catkin_ws/devel/include/gmapping/sensor/sensor_base/sensor_base_export.h
Symlinking /home/sinloops/catkin_ws/devel/include/gmapping/sensor/sensor_range/sensor_range_export.h
Symlinking /home/sinloops/catkin_ws/devel/include/gmapping/sensor/sensor_odometry/sensor_odometry_export.h
