[35m[1mScanning dependencies of target std_msgs_generate_messages_eus[0m
[35m[1mScanning dependencies of target std_msgs_generate_messages_lisp[0m
[35m[1mScanning dependencies of target _usv_msgs_generate_messages_check_deps_RangeBearing[0m
[35m[1mScanning dependencies of target std_msgs_generate_messages_cpp[0m
[35m[1mScanning dependencies of target std_msgs_generate_messages_nodejs[0m
[35m[1mScanning dependencies of target std_msgs_generate_messages_py[0m
[  0%] Built target std_msgs_generate_messages_eus
[  0%] Built target std_msgs_generate_messages_lisp
[  0%] Built target std_msgs_generate_messages_py
[  0%] Built target std_msgs_generate_messages_nodejs
[  0%] Built target std_msgs_generate_messages_cpp
[  0%] Built target _usv_msgs_generate_messages_check_deps_RangeBearing
[35m[1mScanning dependencies of target usv_msgs_generate_messages_cpp[0m
[35m[1mScanning dependencies of target usv_msgs_generate_messages_lisp[0m
[35m[1mScanning dependencies of target usv_msgs_generate_messages_nodejs[0m
[ 14%] [34m[1mGenerating C++ code from usv_msgs/RangeBearing.msg[0m
[ 28%] [34m[1mGenerating Lisp code from usv_msgs/RangeBearing.msg[0m
[ 42%] [34m[1mGenerating Javascript code from usv_msgs/RangeBearing.msg[0m
[ 42%] Built target usv_msgs_generate_messages_nodejs
[35m[1mScanning dependencies of target usv_msgs_generate_messages_py[0m
[35m[1mScanning dependencies of target usv_msgs_generate_messages_eus[0m
[ 42%] Built target usv_msgs_generate_messages_lisp
[ 71%] [34m[1mGenerating EusLisp manifest code for usv_msgs[0m
[ 85%] [34m[1mGenerating Python from MSG usv_msgs/RangeBearing[0m
[ 57%] [34m[1mGenerating EusLisp code from usv_msgs/RangeBearing.msg[0m
[ 85%] Built target usv_msgs_generate_messages_cpp
[100%] [34m[1mGenerating Python msg __init__.py for usv_msgs[0m
[100%] Built target usv_msgs_generate_messages_py
[100%] Built target usv_msgs_generate_messages_eus
[35m[1mScanning dependencies of target usv_msgs_generate_messages[0m
[100%] Built target usv_msgs_generate_messages
